Archive member included because of file (symbol)

c:/program files (x86)/atmel/studio/7.0/toolchain/arm/arm-gnu-toolchain/bin/../lib/gcc/arm-none-eabi/4.9.3/armv6-m\libgcc.a(_udivsi3.o)
                              src/ASF/common2/services/delay/sam0/systick_counter.o (__aeabi_uidiv)
c:/program files (x86)/atmel/studio/7.0/toolchain/arm/arm-gnu-toolchain/bin/../lib/gcc/arm-none-eabi/4.9.3/armv6-m\libgcc.a(_divsi3.o)
                              src/FHV/config_focus_fhv.o (__aeabi_idiv)
c:/program files (x86)/atmel/studio/7.0/toolchain/arm/arm-gnu-toolchain/bin/../lib/gcc/arm-none-eabi/4.9.3/armv6-m\libgcc.a(_dvmd_tls.o)
                              c:/program files (x86)/atmel/studio/7.0/toolchain/arm/arm-gnu-toolchain/bin/../lib/gcc/arm-none-eabi/4.9.3/armv6-m\libgcc.a(_udivsi3.o) (__aeabi_idiv0)
c:/program files (x86)/atmel/studio/7.0/toolchain/arm/arm-gnu-toolchain/bin/../lib/gcc/arm-none-eabi/4.9.3/armv6-m\libgcc.a(_arm_cmpdf2.o)
                              src/mainGrabtastic.o (__aeabi_dcmpeq)
c:/program files (x86)/atmel/studio/7.0/toolchain/arm/arm-gnu-toolchain/bin/../lib/gcc/arm-none-eabi/4.9.3/armv6-m\libgcc.a(_muldi3.o)
                              src/ASF/sam0/drivers/sercom/sercom.o (__aeabi_lmul)
c:/program files (x86)/atmel/studio/7.0/toolchain/arm/arm-gnu-toolchain/bin/../lib/gcc/arm-none-eabi/4.9.3/armv6-m\libgcc.a(adddf3.o)
                              src/mainGrabtastic.o (__aeabi_dadd)
c:/program files (x86)/atmel/studio/7.0/toolchain/arm/arm-gnu-toolchain/bin/../lib/gcc/arm-none-eabi/4.9.3/armv6-m\libgcc.a(divdf3.o)
                              src/mainGrabtastic.o (__aeabi_ddiv)
c:/program files (x86)/atmel/studio/7.0/toolchain/arm/arm-gnu-toolchain/bin/../lib/gcc/arm-none-eabi/4.9.3/armv6-m\libgcc.a(eqdf2.o)
                              c:/program files (x86)/atmel/studio/7.0/toolchain/arm/arm-gnu-toolchain/bin/../lib/gcc/arm-none-eabi/4.9.3/armv6-m\libgcc.a(_arm_cmpdf2.o) (__eqdf2)
c:/program files (x86)/atmel/studio/7.0/toolchain/arm/arm-gnu-toolchain/bin/../lib/gcc/arm-none-eabi/4.9.3/armv6-m\libgcc.a(gedf2.o)
                              c:/program files (x86)/atmel/studio/7.0/toolchain/arm/arm-gnu-toolchain/bin/../lib/gcc/arm-none-eabi/4.9.3/armv6-m\libgcc.a(_arm_cmpdf2.o) (__gedf2)
c:/program files (x86)/atmel/studio/7.0/toolchain/arm/arm-gnu-toolchain/bin/../lib/gcc/arm-none-eabi/4.9.3/armv6-m\libgcc.a(ledf2.o)
                              c:/program files (x86)/atmel/studio/7.0/toolchain/arm/arm-gnu-toolchain/bin/../lib/gcc/arm-none-eabi/4.9.3/armv6-m\libgcc.a(_arm_cmpdf2.o) (__ledf2)
c:/program files (x86)/atmel/studio/7.0/toolchain/arm/arm-gnu-toolchain/bin/../lib/gcc/arm-none-eabi/4.9.3/armv6-m\libgcc.a(muldf3.o)
                              src/mainGrabtastic.o (__aeabi_dmul)
c:/program files (x86)/atmel/studio/7.0/toolchain/arm/arm-gnu-toolchain/bin/../lib/gcc/arm-none-eabi/4.9.3/armv6-m\libgcc.a(subdf3.o)
                              src/mainGrabtastic.o (__aeabi_dsub)
c:/program files (x86)/atmel/studio/7.0/toolchain/arm/arm-gnu-toolchain/bin/../lib/gcc/arm-none-eabi/4.9.3/armv6-m\libgcc.a(fixdfsi.o)
                              src/mainGrabtastic.o (__aeabi_d2iz)
c:/program files (x86)/atmel/studio/7.0/toolchain/arm/arm-gnu-toolchain/bin/../lib/gcc/arm-none-eabi/4.9.3/armv6-m\libgcc.a(floatsidf.o)
                              src/mainGrabtastic.o (__aeabi_i2d)
c:/program files (x86)/atmel/studio/7.0/toolchain/arm/arm-gnu-toolchain/bin/../lib/gcc/arm-none-eabi/4.9.3/armv6-m\libgcc.a(floatunsidf.o)
                              src/mainGrabtastic.o (__aeabi_ui2d)
c:/program files (x86)/atmel/studio/7.0/toolchain/arm/arm-gnu-toolchain/bin/../lib/gcc/arm-none-eabi/4.9.3/armv6-m\libgcc.a(_clzsi2.o)
                              c:/program files (x86)/atmel/studio/7.0/toolchain/arm/arm-gnu-toolchain/bin/../lib/gcc/arm-none-eabi/4.9.3/armv6-m\libgcc.a(adddf3.o) (__clzsi2)
c:/program files (x86)/atmel/studio/7.0/toolchain/arm/arm-gnu-toolchain/bin/../lib/gcc/arm-none-eabi/4.9.3/../../../../arm-none-eabi/lib/armv6-m\libc_nano.a(lib_a-exit.o)
                              c:/program files (x86)/atmel/studio/7.0/toolchain/arm/arm-gnu-toolchain/bin/../lib/gcc/arm-none-eabi/4.9.3/../../../../arm-none-eabi/lib/armv6-m/crt0.o (exit)
c:/program files (x86)/atmel/studio/7.0/toolchain/arm/arm-gnu-toolchain/bin/../lib/gcc/arm-none-eabi/4.9.3/../../../../arm-none-eabi/lib/armv6-m\libc_nano.a(lib_a-impure.o)
                              c:/program files (x86)/atmel/studio/7.0/toolchain/arm/arm-gnu-toolchain/bin/../lib/gcc/arm-none-eabi/4.9.3/../../../../arm-none-eabi/lib/armv6-m\libc_nano.a(lib_a-exit.o) (_global_impure_ptr)
c:/program files (x86)/atmel/studio/7.0/toolchain/arm/arm-gnu-toolchain/bin/../lib/gcc/arm-none-eabi/4.9.3/../../../../arm-none-eabi/lib/armv6-m\libc_nano.a(lib_a-init.o)
[...]
Memory Configuration

Name             Origin             Length             Attributes
rom              0x00000000         0x00040000         xr
ram              0x20000000         0x00008000         xrw
*default*        0x00000000         0xffffffff

Linker script and memory map

LOAD c:/program files (x86)/atmel/studio/7.0/toolchain/arm/arm-gnu-toolchain/bin/../lib/gcc/arm-none-eabi/4.9.3/armv6-m/crti.o
LOAD c:/program files (x86)/atmel/studio/7.0/toolchain/arm/arm-gnu-toolchain/bin/../lib/gcc/arm-none-eabi/4.9.3/armv6-m/crtbegin.o
LOAD c:/program files (x86)/atmel/studio/7.0/toolchain/arm/arm-gnu-toolchain/bin/../lib/gcc/arm-none-eabi/4.9.3/../../../../arm-none-eabi/lib/armv6-m/crt0.o
LOAD src/ASF/common2/services/delay/sam0/systick_counter.o
LOAD src/ASF/common/utils/interrupt/interrupt_sam_nvic.o
LOAD src/ASF/sam0/boards/samd20_xplained_pro/board_init.o
LOAD src/ASF/sam0/drivers/adc/adc_sam_d_r/adc.o
LOAD src/ASF/sam0/drivers/adc/adc_sam_d_r/adc_callback.o
LOAD src/ASF/sam0/drivers/extint/extint_callback.o
LOAD src/ASF/sam0/drivers/extint/extint_sam_d_r/extint.o
LOAD src/ASF/sam0/drivers/port/port.o
LOAD src/ASF/sam0/drivers/sercom/sercom.o
LOAD src/ASF/sam0/drivers/sercom/sercom_interrupt.o
LOAD src/ASF/sam0/drivers/sercom/spi/spi.o
LOAD src/ASF/sam0/drivers/sercom/spi/spi_interrupt.o
LOAD src/ASF/sam0/drivers/sercom/spi_master_vec/spi_master_vec.o
LOAD src/ASF/sam0/drivers/sercom/usart/usart.o
LOAD src/ASF/sam0/drivers/sercom/usart/usart_interrupt.o
LOAD src/ASF/sam0/drivers/system/clock/clock_samd20/clock.o
LOAD src/ASF/sam0/drivers/system/clock/clock_samd20/gclk.o
LOAD src/ASF/sam0/drivers/system/interrupt/system_interrupt.o
LOAD src/ASF/sam0/drivers/system/pinmux/pinmux.o
LOAD src/ASF/sam0/drivers/system/system.o
LOAD src/ASF/sam0/drivers/tc/tc_interrupt.o
LOAD src/ASF/sam0/drivers/tc/tc_sam_d_r/tc.o
LOAD src/ASF/sam0/utils/cmsis/samd20/source/gcc/startup_samd20.o
LOAD src/ASF/sam0/utils/cmsis/samd20/source/system_samd20.o
LOAD src/ASF/sam0/utils/syscalls/gcc/syscalls.o
LOAD src/FHV/config_focus_fhv.o
LOAD src/mainGrabtastic.o
START GROUP
LOAD ../src/ASF/thirdparty/CMSIS/Lib/GCC\libarm_cortexM0l_math.a
LOAD c:/program files (x86)/atmel/studio/7.0/toolchain/arm/arm-gnu-toolchain/bin/../lib/gcc/arm-none-eabi/4.9.3/../../../../arm-none-eabi/lib/armv6-m\libm.a
END GROUP
START GROUP
LOAD c:/program files (x86)/atmel/studio/7.0/toolchain/arm/arm-gnu-toolchain/bin/../lib/gcc/arm-none-eabi/4.9.3/armv6-m\libgcc.a
LOAD c:/program files (x86)/atmel/studio/7.0/toolchain/arm/arm-gnu-toolchain/bin/../lib/gcc/arm-none-eabi/4.9.3/../../../../arm-none-eabi/lib/armv6-m\libc_nano.a
END GROUP
START GROUP
LOAD c:/program files (x86)/atmel/studio/7.0/toolchain/arm/arm-gnu-toolchain/bin/../lib/gcc/arm-none-eabi/4.9.3/armv6-m\libgcc.a
LOAD c:/program files (x86)/atmel/studio/7.0/toolchain/arm/arm-gnu-toolchain/bin/../lib/gcc/arm-none-eabi/4.9.3/../../../../arm-none-eabi/lib/armv6-m\libc_nano.a
END GROUP
LOAD c:/program files (x86)/atmel/studio/7.0/toolchain/arm/arm-gnu-toolchain/bin/../lib/gcc/arm-none-eabi/4.9.3/armv6-m/crtend.o
LOAD c:/program files (x86)/atmel/studio/7.0/toolchain/arm/arm-gnu-toolchain/bin/../lib/gcc/arm-none-eabi/4.9.3/armv6-m/crtn.o
                0x00002000                STACK_SIZE = DEFINED (STACK_SIZE)?STACK_SIZE:DEFINED (__stack_size__)?__stack_size__:0x2000

.text           0x00000000     0x57c8
                0x00000000                . = ALIGN (0x4)
                0x00000000                _sfixed = .
 *(.vectors .vectors.*)
 .vectors       0x00000000       0xa4 src/ASF/sam0/utils/cmsis/samd20/source/gcc/startup_samd20.o
                0x00000000                exception_table
 *(.text .text.* .gnu.linkonce.t.*)
 .text          0x000000a4       0x60 c:/program files (x86)/atmel/studio/7.0/toolchain/arm/arm-gnu-toolchain/bin/../lib/gcc/arm-none-eabi/4.9.3/armv6-m/crtbegin.o
 .text.delay_init
                0x00000104       0x3c src/ASF/common2/services/delay/sam0/systick_counter.o
                0x00000104                delay_init
 .text.delay_cycles_ms
                0x00000140       0x2c src/ASF/common2/services/delay/sam0/systick_counter.o
                0x00000140                delay_cycles_ms
 .text.cpu_irq_enter_critical
                0x0000016c       0x40 src/ASF/common/utils/interrupt/interrupt_sam_nvic.o
                0x0000016c                cpu_irq_enter_critical
 .text.cpu_irq_leave_critical
                0x000001ac       0x30 src/ASF/common/utils/interrupt/interrupt_sam_nvic.o
                0x000001ac                cpu_irq_leave_critical
 .text.system_board_init
                0x000001dc       0x38 src/ASF/sam0/boards/samd20_xplained_pro/board_init.o
                0x000001dc                board_init
                0x000001dc                system_board_init
 .text.adc_get_config_defaults
                0x00000214       0x48 src/ASF/sam0/drivers/adc/adc_sam_d_r/adc.o
                0x00000214                adc_get_config_defaults
 .text.adc_init
                0x0000025c      0x47c src/ASF/sam0/drivers/adc/adc_sam_d_r/adc.o
                0x0000025c                adc_init
 .text.ADC_Handler
                0x000006d8       0xbc src/ASF/sam0/drivers/adc/adc_sam_d_r/adc_callback.o
                0x000006d8                ADC_Handler
 .text.adc_register_callback
                0x00000794       0x14 src/ASF/sam0/drivers/adc/adc_sam_d_r/adc_callback.o
                0x00000794                adc_register_callback
 .text.adc_read_buffer_job
                0x000007a8       0x4c src/ASF/sam0/drivers/adc/adc_sam_d_r/adc_callback.o
                0x000007a8                adc_read_buffer_job
 .text.extint_register_callback
                0x000007f4       0x2c src/ASF/sam0/drivers/extint/extint_callback.o
                0x000007f4                extint_register_callback
 .text.extint_chan_enable_callback
                0x00000820       0x20 src/ASF/sam0/drivers/extint/extint_callback.o
                0x00000820                extint_chan_enable_callback
 .text.EIC_Handler
                0x00000840       0x68 src/ASF/sam0/drivers/extint/extint_callback.o
                0x00000840                EIC_Handler
 .text._extint_enable
                0x000008a8       0x18 src/ASF/sam0/drivers/extint/extint_sam_d_r/extint.o
 .text._system_extint_init
                0x000008c0       0x6c src/ASF/sam0/drivers/extint/extint_sam_d_r/extint.o
                0x000008c0                _system_extint_init
 .text.extint_chan_get_config_defaults
                0x0000092c       0x14 src/ASF/sam0/drivers/extint/extint_sam_d_r/extint.o
                0x0000092c                extint_chan_get_config_defaults
 .text.extint_chan_set_config
                0x00000940       0x78 src/ASF/sam0/drivers/extint/extint_sam_d_r/extint.o
                0x00000940                extint_chan_set_config
 .text.port_pin_set_config
                0x000009b8       0x24 src/ASF/sam0/drivers/port/port.o
                0x000009b8                port_pin_set_config
 .text._sercom_get_sync_baud_val
                0x000009dc       0x28 src/ASF/sam0/drivers/sercom/sercom.o
                0x000009dc                _sercom_get_sync_baud_val
 .text._sercom_get_async_baud_val
                0x00000a04      0x1c8 src/ASF/sam0/drivers/sercom/sercom.o
                0x00000a04                _sercom_get_async_baud_val
 .text.sercom_set_gclk_generator
                0x00000bcc       0x4c src/ASF/sam0/drivers/sercom/sercom.o
                0x00000bcc                sercom_set_gclk_generator
 .text._sercom_get_default_pad
                0x00000c18      0x188 src/ASF/sam0/drivers/sercom/sercom.o
                0x00000c18                _sercom_get_default_pad
 .text._sercom_get_sercom_inst_index
                0x00000da0       0x3c src/ASF/sam0/drivers/sercom/sercom.o
                0x00000da0                _sercom_get_sercom_inst_index
 .text._sercom_default_handler
                0x00000ddc        0x4 src/ASF/sam0/drivers/sercom/sercom_interrupt.o
 .text._sercom_set_handler
                0x00000de0       0x3c src/ASF/sam0/drivers/sercom/sercom_interrupt.o
                0x00000de0                _sercom_set_handler
 .text._sercom_get_interrupt_vector
                0x00000e1c       0x2c src/ASF/sam0/drivers/sercom/sercom_interrupt.o
                0x00000e1c                _sercom_get_interrupt_vector
 .text.SERCOM0_Handler
                0x00000e48       0x10 src/ASF/sam0/drivers/sercom/sercom_interrupt.o
                0x00000e48                SERCOM0_Handler
 .text.SERCOM1_Handler
                0x00000e58       0x10 src/ASF/sam0/drivers/sercom/sercom_interrupt.o
                0x00000e58                SERCOM1_Handler
 .text.SERCOM2_Handler
                0x00000e68       0x10 src/ASF/sam0/drivers/sercom/sercom_interrupt.o
                0x00000e68                SERCOM2_Handler
 .text.SERCOM3_Handler
                0x00000e78       0x10 src/ASF/sam0/drivers/sercom/sercom_interrupt.o
                0x00000e78                SERCOM3_Handler
 .text.SERCOM4_Handler
                0x00000e88       0x10 src/ASF/sam0/drivers/sercom/sercom_interrupt.o
                0x00000e88                SERCOM4_Handler
 .text.SERCOM5_Handler
                0x00000e98       0x10 src/ASF/sam0/drivers/sercom/sercom_interrupt.o
                0x00000e98                SERCOM5_Handler
 .text.spi_init
                0x00000ea8      0x1f0 src/ASF/sam0/drivers/sercom/spi/spi.o
                0x00000ea8                spi_init
 .text.spi_select_slave
                0x00001098       0xec src/ASF/sam0/drivers/sercom/spi/spi.o
                0x00001098                spi_select_slave
 .text.spi_register_callback
                0x00001184       0x18 src/ASF/sam0/drivers/sercom/spi/spi_interrupt.o
                0x00001184                spi_register_callback
 .text.spi_transceive_buffer_job
                0x0000119c       0x44 src/ASF/sam0/drivers/sercom/spi/spi_interrupt.o
                0x0000119c                spi_transceive_buffer_job
 .text._spi_interrupt_handler
                0x000011e0      0x1d0 src/ASF/sam0/drivers/sercom/spi/spi_interrupt.o
                0x000011e0                _spi_interrupt_handler
 .text.usart_init
                0x000013b0      0x25c src/ASF/sam0/drivers/sercom/usart/usart.o
                0x000013b0                usart_init
 .text._usart_write_buffer
                0x0000160c       0x3c src/ASF/sam0/drivers/sercom/usart/usart_interrupt.o
                0x0000160c                _usart_write_buffer
 .text._usart_read_buffer
                0x00001648       0x3c src/ASF/sam0/drivers/sercom/usart/usart_interrupt.o
                0x00001648                _usart_read_buffer
 .text.usart_register_callback
                0x00001684       0x18 src/ASF/sam0/drivers/sercom/usart/usart_interrupt.o
                0x00001684                usart_register_callback
 .text.usart_write_buffer_job
                0x0000169c       0x20 src/ASF/sam0/drivers/sercom/usart/usart_interrupt.o
                0x0000169c                usart_write_buffer_job
 .text.usart_read_buffer_job
                0x000016bc       0x20 src/ASF/sam0/drivers/sercom/usart/usart_interrupt.o
                0x000016bc                usart_read_buffer_job
 .text._usart_interrupt_handler
                0x000016dc      0x130 src/ASF/sam0/drivers/sercom/usart/usart_interrupt.o
                0x000016dc                _usart_interrupt_handler
 .text.system_clock_source_get_hz
                0x0000180c       0x80 src/ASF/sam0/drivers/system/clock/clock_samd20/clock.o
                0x0000180c                system_clock_source_get_hz
 .text.system_clock_source_osc8m_set_config
                0x0000188c       0x3c src/ASF/sam0/drivers/system/clock/clock_samd20/clock.o
                0x0000188c                system_clock_source_osc8m_set_config
 .text.system_clock_source_enable
                0x000018c8       0x90 src/ASF/sam0/drivers/system/clock/clock_samd20/clock.o
                0x000018c8                system_clock_source_enable
 .text.system_clock_init
                0x00001958       0x98 src/ASF/sam0/drivers/system/clock/clock_samd20/clock.o
                0x00001958                system_clock_init
 .text.system_gclk_init
                0x000019f0       0x24 src/ASF/sam0/drivers/system/clock/clock_samd20/gclk.o
                0x000019f0                system_gclk_init
 .text.system_gclk_gen_set_config
                0x00001a14       0xb8 src/ASF/sam0/drivers/system/clock/clock_samd20/gclk.o
                0x00001a14                system_gclk_gen_set_config
 .text.system_gclk_gen_enable
                0x00001acc       0x44 src/ASF/sam0/drivers/system/clock/clock_samd20/gclk.o
                0x00001acc                system_gclk_gen_enable
 .text.system_gclk_gen_get_hz
                0x00001b10       0x8c src/ASF/sam0/drivers/system/clock/clock_samd20/gclk.o
                0x00001b10                system_gclk_gen_get_hz
 .text.system_gclk_chan_enable
                0x00001b9c       0x30 src/ASF/sam0/drivers/system/clock/clock_samd20/gclk.o
                0x00001b9c                system_gclk_chan_enable
 .text.system_gclk_chan_disable
                0x00001bcc       0x5c src/ASF/sam0/drivers/system/clock/clock_samd20/gclk.o
                0x00001bcc                system_gclk_chan_disable
 .text.system_gclk_chan_set_config
                0x00001c28       0x1c src/ASF/sam0/drivers/system/clock/clock_samd20/gclk.o
                0x00001c28                system_gclk_chan_set_config
 .text.system_gclk_chan_get_hz
                0x00001c44       0x34 src/ASF/sam0/drivers/system/clock/clock_samd20/gclk.o
                0x00001c44                system_gclk_chan_get_hz
 .text._system_pinmux_config
                0x00001c78       0xa8 src/ASF/sam0/drivers/system/pinmux/pinmux.o
 .text.system_pinmux_pin_set_config
                0x00001d20       0x30 src/ASF/sam0/drivers/system/pinmux/pinmux.o
                0x00001d20                system_pinmux_pin_set_config
 .text._system_dummy_init
                0x00001d50        0x4 src/ASF/sam0/drivers/system/system.o
                0x00001d50                _system_events_init
                0x00001d50                _system_dummy_init
                0x00001d50                _system_divas_init
 .text.system_init
                0x00001d54       0x2c src/ASF/sam0/drivers/system/system.o
                0x00001d54                system_init
 .text.tc_register_callback
                0x00001d80       0x34 src/ASF/sam0/drivers/tc/tc_interrupt.o
                0x00001d80                tc_register_callback
 .text._tc_interrupt_handler
                0x00001db4       0x5c src/ASF/sam0/drivers/tc/tc_interrupt.o
                0x00001db4                _tc_interrupt_handler
 .text.TC0_Handler
                0x00001e10       0x10 src/ASF/sam0/drivers/tc/tc_interrupt.o
                0x00001e10                TC0_Handler
 .text.TC1_Handler
                0x00001e20       0x10 src/ASF/sam0/drivers/tc/tc_interrupt.o
                0x00001e20                TC1_Handler
 .text.TC2_Handler
                0x00001e30       0x10 src/ASF/sam0/drivers/tc/tc_interrupt.o
                0x00001e30                TC2_Handler
 .text.TC3_Handler
                0x00001e40       0x10 src/ASF/sam0/drivers/tc/tc_interrupt.o
                0x00001e40                TC3_Handler
 .text.TC4_Handler
                0x00001e50       0x10 src/ASF/sam0/drivers/tc/tc_interrupt.o
                0x00001e50                TC4_Handler
 .text.TC5_Handler
                0x00001e60       0x10 src/ASF/sam0/drivers/tc/tc_interrupt.o
                0x00001e60                TC5_Handler
 .text.TC6_Handler
                0x00001e70       0x10 src/ASF/sam0/drivers/tc/tc_interrupt.o
                0x00001e70                TC6_Handler
 .text.TC7_Handler
                0x00001e80       0x10 src/ASF/sam0/drivers/tc/tc_interrupt.o
                0x00001e80                TC7_Handler
 .text._tc_get_inst_index
                0x00001e90       0x40 src/ASF/sam0/drivers/tc/tc_sam_d_r/tc.o
                0x00001e90                _tc_get_inst_index
 .text.tc_init  0x00001ed0      0x27c src/ASF/sam0/drivers/tc/tc_sam_d_r/tc.o
                0x00001ed0                tc_init
 .text.tc_set_compare_value
                0x0000214c       0x54 src/ASF/sam0/drivers/tc/tc_sam_d_r/tc.o
                0x0000214c                tc_set_compare_value
 .text.Dummy_Handler
                0x000021a0        0x4 src/ASF/sam0/utils/cmsis/samd20/source/gcc/startup_samd20.o
                0x000021a0                HardFault_Handler
                0x000021a0                AC_Handler
                0x000021a0                SysTick_Handler
                0x000021a0                PendSV_Handler
                0x000021a0                NMI_Handler
                0x000021a0                RTC_Handler
                0x000021a0                WDT_Handler
                0x000021a0                Dummy_Handler
                0x000021a0                PM_Handler
                0x000021a0                SVC_Handler
                0x000021a0                EVSYS_Handler
                0x000021a0                NVMCTRL_Handler
                0x000021a0                DAC_Handler
                0x000021a0                PTC_Handler
                0x000021a0                SYSCTRL_Handler
 .text.Reset_Handler
                0x000021a4       0xa8 src/ASF/sam0/utils/cmsis/samd20/source/gcc/startup_samd20.o
                0x000021a4                Reset_Handler
 .text.reverse  0x0000224c       0x28 src/FHV/config_focus_fhv.o
                0x0000224c                reverse
 .text.itoaEigen
                0x00002274       0x74 src/FHV/config_focus_fhv.o
                0x00002274                itoaEigen
 .text.usart_write_callback
                0x000022e8        0xc src/mainGrabtastic.o
                0x000022e8                usart_write_callback
 .text.callback_spi_master
                0x000022f4        0xc src/mainGrabtastic.o
 .text.adc_complete_callback
                0x00002300        0xc src/mainGrabtastic.o
                0x00002300                adc_complete_callback
 .text.extint_detection_callback
                0x0000230c       0x54 src/mainGrabtastic.o
                0x0000230c                extint_detection_callback
 .text.extint_detection_callback_emergency
                0x00002360       0x44 src/mainGrabtastic.o
                0x00002360                extint_detection_callback_emergency
 .text.tc_callback_to_change_duty_cycle
                0x000023a4      0x1e0 src/mainGrabtastic.o
                0x000023a4                tc_callback_to_change_duty_cycle
 .text.insertValuesIntoStruct
                0x00002584       0xc4 src/mainGrabtastic.o
                0x00002584                insertValuesIntoStruct
 .text.calculateOrder
                0x00002648       0xc0 src/mainGrabtastic.o
                0x00002648                calculateOrder
 .text.usart_read_callback
                0x00002708       0x24 src/mainGrabtastic.o
                0x00002708                usart_read_callback
 .text.configure_tc
                0x0000272c       0x58 src/mainGrabtastic.o
                0x0000272c                configure_tc
 .text.configure_tc_callbacks
                0x00002784       0x50 src/mainGrabtastic.o
                0x00002784                configure_tc_callbacks
 .text.configure_usart
                0x000027d4       0xa4 src/mainGrabtastic.o
                0x000027d4                configure_usart
 .text.configure_usart_callbacks
                0x00002878       0x34 src/mainGrabtastic.o
                0x00002878                configure_usart_callbacks
 .text.configure_spi_master_callbacks
                0x000028ac       0x28 src/mainGrabtastic.o
                0x000028ac                configure_spi_master_callbacks
 .text.configure_spi_master
                0x000028d4       0xd8 src/mainGrabtastic.o
                0x000028d4                configure_spi_master
 .text.configure_adc
                0x000029ac       0x80 src/mainGrabtastic.o
                0x000029ac                configure_adc
 .text.configure_adc_callbacks
                0x00002a2c       0x24 src/mainGrabtastic.o
                0x00002a2c                configure_adc_callbacks
 .text.configure_port_pins
                0x00002a50       0x30 src/mainGrabtastic.o
                0x00002a50                configure_port_pins
 .text.configure_extint_channel
                0x00002a80       0x34 src/mainGrabtastic.o
                0x00002a80                configure_extint_channel
 .text.configure_extint_channel_emergency
                0x00002ab4       0x34 src/mainGrabtastic.o
                0x00002ab4                configure_extint_channel_emergency
 .text.configure_extint_callbacks
                0x00002ae8       0x34 src/mainGrabtastic.o
                0x00002ae8                configure_extint_callbacks
 .text.writeToDRV
                0x00002b1c       0xa0 src/mainGrabtastic.o
                0x00002b1c                writeToDRV
 .text.drv8711enable
                0x00002bbc       0xbc src/mainGrabtastic.o
                0x00002bbc                drv8711enable
 .text.DRV8711disable
                0x00002c78       0x34 src/mainGrabtastic.o
                0x00002c78                DRV8711disable
 .text.addToWriteBuffer
                0x00002cac       0x2c src/mainGrabtastic.o
                0x00002cac                addToWriteBuffer
 .text.deleteBuffer
                0x00002cd8       0x1c src/mainGrabtastic.o
                0x00002cd8                deleteBuffer
 .text.calculateMedian
                0x00002cf4       0x98 src/mainGrabtastic.o
                0x00002cf4                calculateMedian
 .text.executeOrder
                0x00002d8c       0xcc src/mainGrabtastic.o
                0x00002d8c                executeOrder
 .text.reposIfInLimitSwitch
                0x00002e58       0x60 src/mainGrabtastic.o
                0x00002e58                reposIfInLimitSwitch
 .text.finishTheOrder
                0x00002eb8       0x8c src/mainGrabtastic.o
                0x00002eb8                finishTheOrder
 .text.errorHandling
                0x00002f44       0xa0 src/mainGrabtastic.o
                0x00002f44                errorHandling
 .text.calculatePosZaxis
                0x00002fe4       0x4c src/mainGrabtastic.o
                0x00002fe4                calculatePosZaxis
 .text.startRepositioningWhenDown
                0x00003030       0x54 src/mainGrabtastic.o
                0x00003030                startRepositioningWhenDown
 .text.sendRestartTelegram
                0x00003084       0x3c src/mainGrabtastic.o
                0x00003084                sendRestartTelegram
 .text.deleteRespondBuffer
                0x000030c0       0x34 src/mainGrabtastic.o
                0x000030c0                deleteRespondBuffer
 .text.sendBusy
                0x000030f4       0x3c src/mainGrabtastic.o
                0x000030f4                sendBusy
 .text.sendInvalidTelegram
                0x00003130       0x3c src/mainGrabtastic.o
                0x00003130                sendInvalidTelegram
 .text.sendOK   0x0000316c       0x44 src/mainGrabtastic.o
                0x0000316c                sendOK
 .text.telegramPreparation
                0x000031b0       0x2c src/mainGrabtastic.o
                0x000031b0                telegramPreparation
 .text.sendTheTelegram
                0x000031dc      0x174 src/mainGrabtastic.o
                0x000031dc                sendTheTelegram
 .text.initGrabtastic
                0x00003350       0x8c src/mainGrabtastic.o
                0x00003350                initGrabtastic
 .text.main     0x000033dc       0x50 src/mainGrabtastic.o
                0x000033dc                main
 .text          0x0000342c      0x120 c:/program files (x86)/atmel/studio/7.0/toolchain/arm/arm-gnu-toolchain/bin/../lib/gcc/arm-none-eabi/4.9.3/armv6-m\libgcc.a(_udivsi3.o)
                0x0000342c                __aeabi_uidiv
                0x0000342c                __udivsi3
                0x00003538                __aeabi_uidivmod
 .text          0x0000354c      0x1e0 c:/program files (x86)/atmel/studio/7.0/toolchain/arm/arm-gnu-toolchain/bin/../lib/gcc/arm-none-eabi/4.9.3/armv6-m\libgcc.a(_divsi3.o)
                0x0000354c                __divsi3
                0x0000354c                __aeabi_idiv
                0x00003718                __aeabi_idivmod
 .text          0x0000372c        0x4 c:/program files (x86)/atmel/studio/7.0/toolchain/arm/arm-gnu-toolchain/bin/../lib/gcc/arm-none-eabi/4.9.3/armv6-m\libgcc.a(_dvmd_tls.o)
                0x0000372c                __aeabi_idiv0
                0x0000372c                __aeabi_ldiv0
 .text          0x00003730       0x7c c:/program files (x86)/atmel/studio/7.0/toolchain/arm/arm-gnu-toolchain/bin/../lib/gcc/arm-none-eabi/4.9.3/armv6-m\libgcc.a(_arm_cmpdf2.o)
                0x00003730                __aeabi_cdrcmple
                0x00003740                __aeabi_cdcmple
                0x00003740                __aeabi_cdcmpeq
                0x00003750                __aeabi_dcmpeq
                0x0000375c                __aeabi_dcmplt
                0x00003770                __aeabi_dcmple
                0x00003784                __aeabi_dcmpgt
                0x00003798                __aeabi_dcmpge
 .text          0x000037ac       0x54 c:/program files (x86)/atmel/studio/7.0/toolchain/arm/arm-gnu-toolchain/bin/../lib/gcc/arm-none-eabi/4.9.3/armv6-m\libgcc.a(_muldi3.o)
                0x000037ac                __muldi3
                0x000037ac                __aeabi_lmul
 .text          0x00003800      0x650 c:/program files (x86)/atmel/studio/7.0/toolchain/arm/arm-gnu-toolchain/bin/../lib/gcc/arm-none-eabi/4.9.3/armv6-m\libgcc.a(adddf3.o)
                0x00003800                __aeabi_dadd
 .text          0x00003e50      0x648 c:/program files (x86)/atmel/studio/7.0/toolchain/arm/arm-gnu-toolchain/bin/../lib/gcc/arm-none-eabi/4.9.3/armv6-m\libgcc.a(divdf3.o)
                0x00003e50                __aeabi_ddiv
 .text          0x00004498       0x88 c:/program files (x86)/atmel/studio/7.0/toolchain/arm/arm-gnu-toolchain/bin/../lib/gcc/arm-none-eabi/4.9.3/armv6-m\libgcc.a(eqdf2.o)
                0x00004498                __nedf2
                0x00004498                __eqdf2
 .text          0x00004520       0xe0 c:/program files (x86)/atmel/studio/7.0/toolchain/arm/arm-gnu-toolchain/bin/../lib/gcc/arm-none-eabi/4.9.3/armv6-m\libgcc.a(gedf2.o)
                0x00004520                __gedf2
                0x00004520                __gtdf2
 .text          0x00004600       0xcc c:/program files (x86)/atmel/studio/7.0/toolchain/arm/arm-gnu-toolchain/bin/../lib/gcc/arm-none-eabi/4.9.3/armv6-m\libgcc.a(ledf2.o)
                0x00004600                __ledf2
                0x00004600                __ltdf2
 .text          0x000046cc      0x534 c:/program files (x86)/atmel/studio/7.0/toolchain/arm/arm-gnu-toolchain/bin/../lib/gcc/arm-none-eabi/4.9.3/armv6-m\libgcc.a(muldf3.o)
                0x000046cc                __aeabi_dmul
 .text          0x00004c00      0x6f4 c:/program files (x86)/atmel/studio/7.0/toolchain/arm/arm-gnu-toolchain/bin/../lib/gcc/arm-none-eabi/4.9.3/armv6-m\libgcc.a(subdf3.o)
                0x00004c00                __aeabi_dsub
 .text          0x000052f4       0x6c c:/program files (x86)/atmel/studio/7.0/toolchain/arm/arm-gnu-toolchain/bin/../lib/gcc/arm-none-eabi/4.9.3/armv6-m\libgcc.a(fixdfsi.o)
                0x000052f4                __aeabi_d2iz
 .text          0x00005360       0x78 c:/program files (x86)/atmel/studio/7.0/toolchain/arm/arm-gnu-toolchain/bin/../lib/gcc/arm-none-eabi/4.9.3/armv6-m\libgcc.a(floatsidf.o)
                0x00005360                __aeabi_i2d
 .text          0x000053d8       0x64 c:/program files (x86)/atmel/studio/7.0/toolchain/arm/arm-gnu-toolchain/bin/../lib/gcc/arm-none-eabi/4.9.3/armv6-m\libgcc.a(floatunsidf.o)
                0x000053d8                __aeabi_ui2d
 .text          0x0000543c       0x3c c:/program files (x86)/atmel/studio/7.0/toolchain/arm/arm-gnu-toolchain/bin/../lib/gcc/arm-none-eabi/4.9.3/armv6-m\libgcc.a(_clzsi2.o)
                0x0000543c                __clzsi2
 .text.__libc_init_array
                0x00005478       0x4c c:/program files (x86)/atmel/studio/7.0/toolchain/arm/arm-gnu-toolchain/bin/../lib/gcc/arm-none-eabi/4.9.3/../../../../arm-none-eabi/lib/armv6-m\libc_nano.a(lib_a-init.o)
                0x00005478                __libc_init_array
 .text.memcpy   0x000054c4       0x12 c:/program files (x86)/atmel/studio/7.0/toolchain/arm/arm-gnu-toolchain/bin/../lib/gcc/arm-none-eabi/4.9.3/../../../../arm-none-eabi/lib/armv6-m\libc_nano.a(lib_a-memcpy.o)
                0x000054c4                memcpy
 .text.memmove  0x000054d6       0x28 c:/program files (x86)/atmel/studio/7.0/toolchain/arm/arm-gnu-toolchain/bin/../lib/gcc/arm-none-eabi/4.9.3/../../../../arm-none-eabi/lib/armv6-m\libc_nano.a(lib_a-memmove.o)
                0x000054d6                memmove
 .text.strcpy   0x000054fe       0x10 c:/program files (x86)/atmel/studio/7.0/toolchain/arm/arm-gnu-toolchain/bin/../lib/gcc/arm-none-eabi/4.9.3/../../../../arm-none-eabi/lib/armv6-m\libc_nano.a(lib_a-strcpy.o)
                0x000054fe                strcpy
 .text.strlen   0x0000550e        0xe c:/program files (x86)/atmel/studio/7.0/toolchain/arm/arm-gnu-toolchain/bin/../lib/gcc/arm-none-eabi/4.9.3/../../../../arm-none-eabi/lib/armv6-m\libc_nano.a(lib_a-strlen.o)
                0x0000550e                strlen
 *(.glue_7t)
 .glue_7t       0x00000000        0x0 linker stubs
 *(.glue_7)
 .glue_7        0x00000000        0x0 linker stubs
 *(.rodata .rodata* .gnu.linkonce.r.*)
 .rodata.adc_init
                0x0000551c       0xd4 src/ASF/sam0/drivers/adc/adc_sam_d_r/adc.o
 .rodata        0x000055f0       0x50 src/ASF/sam0/drivers/adc/adc_sam_d_r/adc.o
 .rodata        0x00005640       0x18 src/ASF/sam0/drivers/sercom/sercom.o
 .rodata        0x00005658        0x6 src/ASF/sam0/drivers/sercom/sercom_interrupt.o
 *fill*         0x0000565e        0x2 
 .rodata.system_clock_source_get_hz
                0x00005660       0x20 src/ASF/sam0/drivers/system/clock/clock_samd20/clock.o
 .rodata.system_clock_source_enable
                0x00005680       0x20 src/ASF/sam0/drivers/system/clock/clock_samd20/clock.o
 .rodata        0x000056a0       0x38 src/ASF/sam0/drivers/tc/tc_sam_d_r/tc.o
 .rodata.str1.4
                0x000056d8       0x48 src/mainGrabtastic.o
                                 0x47 (size before relaxing)
 .rodata.tc_interrupt_vectors.11166
                0x00005720        0x8 src/mainGrabtastic.o
 .rodata        0x00005728       0x40 c:/program files (x86)/atmel/studio/7.0/toolchain/arm/arm-gnu-toolchain/bin/../lib/gcc/arm-none-eabi/4.9.3/armv6-m\libgcc.a(divdf3.o)
 .rodata        0x00005768       0x40 c:/program files (x86)/atmel/studio/7.0/toolchain/arm/arm-gnu-toolchain/bin/../lib/gcc/arm-none-eabi/4.9.3/armv6-m\libgcc.a(muldf3.o)
 *(.ARM.extab* .gnu.linkonce.armextab.*)
                0x000057a8                . = ALIGN (0x4)
 *(.init)
 .init          0x000057a8        0x4 c:/program files (x86)/atmel/studio/7.0/toolchain/arm/arm-gnu-toolchain/bin/../lib/gcc/arm-none-eabi/4.9.3/armv6-m/crti.o
                0x000057a8                _init
 .init          0x000057ac        0x8 c:/program files (x86)/atmel/studio/7.0/toolchain/arm/arm-gnu-toolchain/bin/../lib/gcc/arm-none-eabi/4.9.3/armv6-m/crtn.o
                0x000057b4                . = ALIGN (0x4)
                0x000057b4                __preinit_array_start = .
 *(.preinit_array)
                0x000057b4                __preinit_array_end = .
                0x000057b4                . = ALIGN (0x4)
                0x000057b4                __init_array_start = .
 *(SORT(.init_array.*))
 *(.init_array)
 .init_array    0x000057b4        0x4 c:/program files (x86)/atmel/studio/7.0/toolchain/arm/arm-gnu-toolchain/bin/../lib/gcc/arm-none-eabi/4.9.3/armv6-m/crtbegin.o
                0x000057b8                __init_array_end = .
                0x000057b8                . = ALIGN (0x4)
 *crtbegin.o(.ctors)
 *(EXCLUDE_FILE(*crtend.o) .ctors)
 *(SORT(.ctors.*))
 *crtend.o(.ctors)
                0x000057b8                . = ALIGN (0x4)
 *(.fini)
 .fini          0x000057b8        0x4 c:/program files (x86)/atmel/studio/7.0/toolchain/arm/arm-gnu-toolchain/bin/../lib/gcc/arm-none-eabi/4.9.3/armv6-m/crti.o
                0x000057b8                _fini
 .fini          0x000057bc        0x8 c:/program files (x86)/atmel/studio/7.0/toolchain/arm/arm-gnu-toolchain/bin/../lib/gcc/arm-none-eabi/4.9.3/armv6-m/crtn.o
                0x000057c4                . = ALIGN (0x4)
                0x000057c4                __fini_array_start = .
 *(.fini_array)
 .fini_array    0x000057c4        0x4 c:/program files (x86)/atmel/studio/7.0/toolchain/arm/arm-gnu-toolchain/bin/../lib/gcc/arm-none-eabi/4.9.3/armv6-m/crtbegin.o
 *(SORT(.fini_array.*))
                0x000057c8                __fini_array_end = .
 *crtbegin.o(.dtors)
 *(EXCLUDE_FILE(*crtend.o) .dtors)
 *(SORT(.dtors.*))
 *crtend.o(.dtors)
                0x000057c8                . = ALIGN (0x4)
                0x000057c8                _efixed = .
                0x000057c8                PROVIDE (__exidx_start, .)

.vfp11_veneer   0x000057c8        0x0
 .vfp11_veneer  0x00000000        0x0 linker stubs

.v4_bx          0x000057c8        0x0
 .v4_bx         0x00000000        0x0 linker stubs

.iplt           0x000057c8        0x0
 .iplt          0x00000000        0x0 c:/program files (x86)/atmel/studio/7.0/toolchain/arm/arm-gnu-toolchain/bin/../lib/gcc/arm-none-eabi/4.9.3/armv6-m/crtbegin.o

.eh_frame       0x000057c8        0x0
 .eh_frame      0x000057c8        0x0 c:/program files (x86)/atmel/studio/7.0/toolchain/arm/arm-gnu-toolchain/bin/../lib/gcc/arm-none-eabi/4.9.3/armv6-m/crtbegin.o

.rel.dyn        0x000057c8        0x0
 .rel.iplt      0x00000000        0x0 c:/program files (x86)/atmel/studio/7.0/toolchain/arm/arm-gnu-toolchain/bin/../lib/gcc/arm-none-eabi/4.9.3/armv6-m/crtbegin.o

.jcr            0x000057c8        0x0
 .jcr           0x000057c8        0x0 c:/program files (x86)/atmel/studio/7.0/toolchain/arm/arm-gnu-toolchain/bin/../lib/gcc/arm-none-eabi/4.9.3/armv6-m/crtbegin.o

.igot.plt       0x000057c8        0x0
 .igot.plt      0x00000000        0x0 c:/program files (x86)/atmel/studio/7.0/toolchain/arm/arm-gnu-toolchain/bin/../lib/gcc/arm-none-eabi/4.9.3/armv6-m/crtbegin.o

.ARM.exidx
 *(.ARM.exidx* .gnu.linkonce.armexidx.*)
                0x000057c8                PROVIDE (__exidx_end, .)
                0x000057c8                . = ALIGN (0x4)
                0x000057c8                _etext = .

.relocate       0x20000000       0x3c load address 0x000057c8
                0x20000000                . = ALIGN (0x4)
                0x20000000                _srelocate = .
 *(.ramfunc .ramfunc.*)
 *(.data .data.*)
 .data.cycles_per_us
                0x20000000        0x4 src/ASF/common2/services/delay/sam0/systick_counter.o
 .data.cycles_per_ms
                0x20000004        0x4 src/ASF/common2/services/delay/sam0/systick_counter.o
 .data.g_interrupt_enabled
                0x20000008        0x1 src/ASF/common/utils/interrupt/interrupt_sam_nvic.o
                0x20000008                g_interrupt_enabled
 *fill*         0x20000009        0x3 
 .data.globalStepPositionAxis
                0x2000000c        0x4 src/mainGrabtastic.o
                0x2000000c                globalStepPositionAxis
 .data.wr_buffer
                0x20000010        0x2 src/mainGrabtastic.o
 .data.globalSendRestartTelegram
                0x20000012        0x1 src/mainGrabtastic.o
 .data.accelerateUp.11857
                0x20000013        0x1 src/mainGrabtastic.o
 .data.newOrder.11860
                0x20000014        0x1 src/mainGrabtastic.o
 *fill*         0x20000015        0x1 
 .data.i.11856  0x20000016        0x2 src/mainGrabtastic.o
 .data.globalLimitSwitchPressed
                0x20000018        0x1 src/mainGrabtastic.o
                0x20000018                globalLimitSwitchPressed
 *fill*         0x20000019        0x3 
 .data.wr_drv8711Read
                0x2000001c       0x10 src/mainGrabtastic.o
 .data.wr_drv8711Defaults
                0x2000002c       0x10 src/mainGrabtastic.o
                0x2000003c                . = ALIGN (0x4)
                0x2000003c                _erelocate = .

.bss            0x20000040      0x3f8 load address 0x00005808
                0x20000040                . = ALIGN (0x4)
                0x20000040                _sbss = .
                0x20000040                _szero = .
 *(.bss .bss.*)
 .bss           0x20000040       0x1c c:/program files (x86)/atmel/studio/7.0/toolchain/arm/arm-gnu-toolchain/bin/../lib/gcc/arm-none-eabi/4.9.3/armv6-m/crtbegin.o
 .bss.cpu_irq_critical_section_counter
                0x2000005c        0x4 src/ASF/common/utils/interrupt/interrupt_sam_nvic.o
 .bss.cpu_irq_prev_interrupt_state
                0x20000060        0x1 src/ASF/common/utils/interrupt/interrupt_sam_nvic.o
 *fill*         0x20000061        0x3 
 .bss._sercom_config
                0x20000064        0x2 src/ASF/sam0/drivers/sercom/sercom.o
 .bss._handler_table_initialized
                0x20000066        0x1 src/ASF/sam0/drivers/sercom/sercom_interrupt.o
 *fill*         0x20000067        0x1 
 .bss._sercom_interrupt_handlers
                0x20000068       0x18 src/ASF/sam0/drivers/sercom/sercom_interrupt.o
 .bss._system_clock_inst
                0x20000080       0x14 src/ASF/sam0/drivers/system/clock/clock_samd20/clock.o
 .bss.rd_drv8711Read
                0x20000094       0x10 src/mainGrabtastic.o
 .bss.globalBusy
                0x200000a4        0x1 src/mainGrabtastic.o
                0x200000a4                globalBusy
 .bss.transrev_complete_spi_master
                0x200000a5        0x1 src/mainGrabtastic.o
                0x200000a5                transrev_complete_spi_master
 .bss.adc_read_done
                0x200000a6        0x1 src/mainGrabtastic.o
                0x200000a6                adc_read_done
 *fill*         0x200000a7        0x1 
 .bss.rx_string
                0x200000a8        0x1 src/mainGrabtastic.o
                0x200000a8                rx_string
 *fill*         0x200000a9        0x3 
 .bss.distanceToTarget.11859
                0x200000ac        0x4 src/mainGrabtastic.o
 .bss.globalSendStatus
                0x200000b0        0x1 src/mainGrabtastic.o
                0x200000b0                globalSendStatus
 *fill*         0x200000b1        0x3 
 .bss.globalErrorForTelegram
                0x200000b4       0x14 src/mainGrabtastic.o
                0x200000b4                globalErrorForTelegram
 .bss.globalActualDirection
                0x200000c8        0x1 src/mainGrabtastic.o
                0x200000c8                globalActualDirection
 *fill*         0x200000c9        0x3 
 .bss.globalPositionAxisForTelegram
                0x200000cc       0x14 src/mainGrabtastic.o
                0x200000cc                globalPositionAxisForTelegram
 .bss.rd_buffer
                0x200000e0        0x2 src/mainGrabtastic.o
 .bss.globalInvalidTelegram
                0x200000e2        0x1 src/mainGrabtastic.o
                0x200000e2                globalInvalidTelegram
 .bss.globalEmergencyPressed
                0x200000e3        0x1 src/mainGrabtastic.o
                0x200000e3                globalEmergencyPressed
 .bss.globalSendOK
                0x200000e4        0x1 src/mainGrabtastic.o
                0x200000e4                globalSendOK
 .bss.globalSendRespond
                0x200000e5        0x1 src/mainGrabtastic.o
 *fill*         0x200000e6        0x2 
 .bss.writeBufferToPLC.11994
                0x200000e8       0x64 src/mainGrabtastic.o
 .bss.globalOrderWasDown
                0x2000014c        0x1 src/mainGrabtastic.o
                0x2000014c                globalOrderWasDown
 *fill*         0x2000014d        0x3 
 .bss.abgleich  0x20000150        0x8 src/mainGrabtastic.o
                0x20000150                abgleich
 .bss.rd_drv8711Defaults
                0x20000158       0x10 src/mainGrabtastic.o
 .bss.globalResult
                0x20000168        0x8 src/mainGrabtastic.o
                0x20000168                globalResult
 .bss.globalDrive
                0x20000170        0x1 src/mainGrabtastic.o
                0x20000170                globalDrive
 .bss.accelerateDown.11858
                0x20000171        0x1 src/mainGrabtastic.o
 .bss.globalMovingFreeAxis
                0x20000172        0x1 src/mainGrabtastic.o
 *(COMMON)
 *fill*         0x20000173        0x1 
 COMMON         0x20000174        0x4 src/ASF/sam0/drivers/adc/adc_sam_d_r/adc_callback.o
                0x20000174                _adc_instances
 COMMON         0x20000178        0x1 src/ASF/sam0/drivers/extint/extint_callback.o
                0x20000178                _current_channel
 *fill*         0x20000179        0x3 
 COMMON         0x2000017c       0x40 src/ASF/sam0/drivers/extint/extint_sam_d_r/extint.o
                0x2000017c                _extint_dev
 COMMON         0x200001bc       0x18 src/ASF/sam0/drivers/sercom/sercom_interrupt.o
                0x200001bc                _sercom_instances
 COMMON         0x200001d4        0x2 src/ASF/sam0/drivers/sercom/spi/spi_interrupt.o
                0x200001d4                dummy_write
 *fill*         0x200001d6        0x2 
 COMMON         0x200001d8       0x20 src/ASF/sam0/drivers/tc/tc_interrupt.o
                0x200001d8                _tc_instances
 COMMON         0x200001f8      0x240 src/mainGrabtastic.o
                0x200001f8                usart_instance
                0x2000021c                config_adc
                0x2000024c                positionOfEachOrder
                0x200002ac                rx_buffer
                0x200002b0                globalRespondTelegram
                0x200002c4                adc_result_buffer
                0x200003c4                spi_master_instance
                0x200003f8                slave
                0x200003fc                tc_instance
                0x20000418                adc_instance
                0x20000438                . = ALIGN (0x4)
                0x20000438                _ebss = .
                0x20000438                _ezero = .

.stack          0x20000438     0x2000 load address 0x00005c00
                0x20000438                . = ALIGN (0x8)
                0x20000438                _sstack = .
                0x20002438                . = (. + STACK_SIZE)
 *fill*         0x20000438     0x2000 
                0x20002438                . = ALIGN (0x8)
                0x20002438                _estack = .
                0x20002438                . = ALIGN (0x4)
                0x20002438                _end = .
OUTPUT(TEST_TC_RS232.elf elf32-littlearm)

.ARM.attributes
                0x00000000       0x28
 .ARM.attributes
                0x00000000       0x1e c:/program files (x86)/atmel/studio/7.0/toolchain/arm/arm-gnu-toolchain/bin/../lib/gcc/arm-none-eabi/4.9.3/armv6-m/crti.o
 .ARM.attributes
                0x0000001e       0x2c c:/program files (x86)/atmel/studio/7.0/toolchain/arm/arm-gnu-toolchain/bin/../lib/gcc/arm-none-eabi/4.9.3/armv6-m/crtbegin.o
 .ARM.attributes
                0x0000004a       0x32 src/ASF/common2/services/delay/sam0/systick_counter.o
 .ARM.attributes
                0x0000007c       0x32 src/ASF/common/utils/interrupt/interrupt_sam_nvic.o
 .ARM.attributes
                0x000000ae       0x32 src/ASF/sam0/boards/samd20_xplained_pro/board_init.o
 .ARM.attributes
                0x000000e0       0x32 src/ASF/sam0/drivers/adc/adc_sam_d_r/adc.o
 .ARM.attributes
                0x00000112       0x32 src/ASF/sam0/drivers/adc/adc_sam_d_r/adc_callback.o
 .ARM.attributes
                0x00000144       0x32 src/ASF/sam0/drivers/extint/extint_callback.o
 .ARM.attributes
                0x00000176       0x32 src/ASF/sam0/drivers/extint/extint_sam_d_r/extint.o
 .ARM.attributes
                0x000001a8       0x32 src/ASF/sam0/drivers/port/port.o
 .ARM.attributes
                0x000001da       0x32 src/ASF/sam0/drivers/sercom/sercom.o
 .ARM.attributes
                0x0000020c       0x32 src/ASF/sam0/drivers/sercom/sercom_interrupt.o
 .ARM.attributes
                0x0000023e       0x32 src/ASF/sam0/drivers/sercom/spi/spi.o
 .ARM.attributes
                0x00000270       0x32 src/ASF/sam0/drivers/sercom/spi/spi_interrupt.o
 .ARM.attributes
                0x000002a2       0x32 src/ASF/sam0/drivers/sercom/usart/usart.o
 .ARM.attributes
                0x000002d4       0x32 src/ASF/sam0/drivers/sercom/usart/usart_interrupt.o
 .ARM.attributes
                0x00000306       0x32 src/ASF/sam0/drivers/system/clock/clock_samd20/clock.o
 .ARM.attributes
                0x00000338       0x32 src/ASF/sam0/drivers/system/clock/clock_samd20/gclk.o
 .ARM.attributes
                0x0000036a       0x32 src/ASF/sam0/drivers/system/pinmux/pinmux.o
 .ARM.attributes
                0x0000039c       0x32 src/ASF/sam0/drivers/system/system.o
 .ARM.attributes
                0x000003ce       0x32 src/ASF/sam0/drivers/tc/tc_interrupt.o
 .ARM.attributes
                0x00000400       0x32 src/ASF/sam0/drivers/tc/tc_sam_d_r/tc.o
 .ARM.attributes
                0x00000432       0x32 src/ASF/sam0/utils/cmsis/samd20/source/gcc/startup_samd20.o
 .ARM.attributes
                0x00000464       0x32 src/FHV/config_focus_fhv.o
 .ARM.attributes
                0x00000496       0x32 src/mainGrabtastic.o
 .ARM.attributes
                0x000004c8       0x1e c:/program files (x86)/atmel/studio/7.0/toolchain/arm/arm-gnu-toolchain/bin/../lib/gcc/arm-none-eabi/4.9.3/armv6-m\libgcc.a(_udivsi3.o)
 .ARM.attributes
                0x000004e6       0x1e c:/program files (x86)/atmel/studio/7.0/toolchain/arm/arm-gnu-toolchain/bin/../lib/gcc/arm-none-eabi/4.9.3/armv6-m\libgcc.a(_divsi3.o)
 .ARM.attributes
                0x00000504       0x1e c:/program files (x86)/atmel/studio/7.0/toolchain/arm/arm-gnu-toolchain/bin/../lib/gcc/arm-none-eabi/4.9.3/armv6-m\libgcc.a(_dvmd_tls.o)
 .ARM.attributes
                0x00000522       0x1e c:/program files (x86)/atmel/studio/7.0/toolchain/arm/arm-gnu-toolchain/bin/../lib/gcc/arm-none-eabi/4.9.3/armv6-m\libgcc.a(_arm_cmpdf2.o)
 .ARM.attributes
                0x00000540       0x2c c:/program files (x86)/atmel/studio/7.0/toolchain/arm/arm-gnu-toolchain/bin/../lib/gcc/arm-none-eabi/4.9.3/armv6-m\libgcc.a(_muldi3.o)
 .ARM.attributes
                0x0000056c       0x2c c:/program files (x86)/atmel/studio/7.0/toolchain/arm/arm-gnu-toolchain/bin/../lib/gcc/arm-none-eabi/4.9.3/armv6-m\libgcc.a(adddf3.o)
 .ARM.attributes
                0x00000598       0x2c c:/program files (x86)/atmel/studio/7.0/toolchain/arm/arm-gnu-toolchain/bin/../lib/gcc/arm-none-eabi/4.9.3/armv6-m\libgcc.a(divdf3.o)
 .ARM.attributes
                0x000005c4       0x2c c:/program files (x86)/atmel/studio/7.0/toolchain/arm/arm-gnu-toolchain/bin/../lib/gcc/arm-none-eabi/4.9.3/armv6-m\libgcc.a(eqdf2.o)
 .ARM.attributes
                0x000005f0       0x2c c:/program files (x86)/atmel/studio/7.0/toolchain/arm/arm-gnu-toolchain/bin/../lib/gcc/arm-none-eabi/4.9.3/armv6-m\libgcc.a(gedf2.o)
 .ARM.attributes
                0x0000061c       0x2c c:/program files (x86)/atmel/studio/7.0/toolchain/arm/arm-gnu-toolchain/bin/../lib/gcc/arm-none-eabi/4.9.3/armv6-m\libgcc.a(ledf2.o)
 .ARM.attributes
                0x00000648       0x2c c:/program files (x86)/atmel/studio/7.0/toolchain/arm/arm-gnu-toolchain/bin/../lib/gcc/arm-none-eabi/4.9.3/armv6-m\libgcc.a(muldf3.o)
 .ARM.attributes
                0x00000674       0x2c c:/program files (x86)/atmel/studio/7.0/toolchain/arm/arm-gnu-toolchain/bin/../lib/gcc/arm-none-eabi/4.9.3/armv6-m\libgcc.a(subdf3.o)
 .ARM.attributes
                0x000006a0       0x2c c:/program files (x86)/atmel/studio/7.0/toolchain/arm/arm-gnu-toolchain/bin/../lib/gcc/arm-none-eabi/4.9.3/armv6-m\libgcc.a(fixdfsi.o)
 .ARM.attributes
                0x000006cc       0x2c c:/program files (x86)/atmel/studio/7.0/toolchain/arm/arm-gnu-toolchain/bin/../lib/gcc/arm-none-eabi/4.9.3/armv6-m\libgcc.a(floatsidf.o)
 .ARM.attributes
                0x000006f8       0x2c c:/program files (x86)/atmel/studio/7.0/toolchain/arm/arm-gnu-toolchain/bin/../lib/gcc/arm-none-eabi/4.9.3/armv6-m\libgcc.a(floatunsidf.o)
 .ARM.attributes
                0x00000724       0x1e c:/program files (x86)/atmel/studio/7.0/toolchain/arm/arm-gnu-toolchain/bin/../lib/gcc/arm-none-eabi/4.9.3/armv6-m\libgcc.a(_clzsi2.o)
 .ARM.attributes
                0x00000742       0x2c c:/program files (x86)/atmel/studio/7.0/toolchain/arm/arm-gnu-toolchain/bin/../lib/gcc/arm-none-eabi/4.9.3/../../../../arm-none-eabi/lib/armv6-m\libc_nano.a(lib_a-init.o)
 .ARM.attributes
                0x0000076e       0x2c c:/program files (x86)/atmel/studio/7.0/toolchain/arm/arm-gnu-toolchain/bin/../lib/gcc/arm-none-eabi/4.9.3/../../../../arm-none-eabi/lib/armv6-m\libc_nano.a(lib_a-memcpy.o)
 .ARM.attributes
                0x0000079a       0x2c c:/program files (x86)/atmel/studio/7.0/toolchain/arm/arm-gnu-toolchain/bin/../lib/gcc/arm-none-eabi/4.9.3/../../../../arm-none-eabi/lib/armv6-m\libc_nano.a(lib_a-memmove.o)
 .ARM.attributes
                0x000007c6       0x2c c:/program files (x86)/atmel/studio/7.0/toolchain/arm/arm-gnu-toolchain/bin/../lib/gcc/arm-none-eabi/4.9.3/../../../../arm-none-eabi/lib/armv6-m\libc_nano.a(lib_a-strcpy.o)
 .ARM.attributes
                0x000007f2       0x2c c:/program files (x86)/atmel/studio/7.0/toolchain/arm/arm-gnu-toolchain/bin/../lib/gcc/arm-none-eabi/4.9.3/../../../../arm-none-eabi/lib/armv6-m\libc_nano.a(lib_a-strlen.o)
 .ARM.attributes
                0x0000081e       0x1e c:/program files (x86)/atmel/studio/7.0/toolchain/arm/arm-gnu-toolchain/bin/../lib/gcc/arm-none-eabi/4.9.3/armv6-m/crtn.o

.comment        0x00000000       0x5b
 .comment       0x00000000       0x5b src/ASF/common2/services/delay/sam0/systick_counter.o
                                 0x5c (size before relaxing)
 .comment       0x00000000       0x5c src/ASF/common/utils/interrupt/interrupt_sam_nvic.o
 .comment       0x00000000       0x5c src/ASF/sam0/boards/samd20_xplained_pro/board_init.o
 .comment       0x00000000       0x5c src/ASF/sam0/drivers/adc/adc_sam_d_r/adc.o
 .comment       0x00000000       0x5c src/ASF/sam0/drivers/adc/adc_sam_d_r/adc_callback.o
 .comment       0x00000000       0x5c src/ASF/sam0/drivers/extint/extint_callback.o
 .comment       0x00000000       0x5c src/ASF/sam0/drivers/extint/extint_sam_d_r/extint.o
 .comment       0x00000000       0x5c src/ASF/sam0/drivers/port/port.o
 .comment       0x00000000       0x5c src/ASF/sam0/drivers/sercom/sercom.o
 .comment       0x00000000       0x5c src/ASF/sam0/drivers/sercom/sercom_interrupt.o
 .comment       0x00000000       0x5c src/ASF/sam0/drivers/sercom/spi/spi.o
 .comment       0x00000000       0x5c src/ASF/sam0/drivers/sercom/spi/spi_interrupt.o
 .comment       0x00000000       0x5c src/ASF/sam0/drivers/sercom/usart/usart.o
 .comment       0x00000000       0x5c src/ASF/sam0/drivers/sercom/usart/usart_interrupt.o
 .comment       0x00000000       0x5c src/ASF/sam0/drivers/system/clock/clock_samd20/clock.o
 .comment       0x00000000       0x5c src/ASF/sam0/drivers/system/clock/clock_samd20/gclk.o
 .comment       0x00000000       0x5c src/ASF/sam0/drivers/system/pinmux/pinmux.o
 .comment       0x00000000       0x5c src/ASF/sam0/drivers/system/system.o
 .comment       0x00000000       0x5c src/ASF/sam0/drivers/tc/tc_interrupt.o
 .comment       0x00000000       0x5c src/ASF/sam0/drivers/tc/tc_sam_d_r/tc.o
 .comment       0x00000000       0x5c src/ASF/sam0/utils/cmsis/samd20/source/gcc/startup_samd20.o
 .comment       0x00000000       0x5c src/FHV/config_focus_fhv.o
 .comment       0x00000000       0x5c src/mainGrabtastic.o

.debug_info     0x00000000    0x29c04
 .debug_info    0x00000000      0x269 src/ASF/common2/services/delay/sam0/systick_counter.o
 .debug_info    0x00000269      0x1ec src/ASF/common/utils/interrupt/interrupt_sam_nvic.o
 .debug_info    0x00000455      0x96d src/ASF/sam0/boards/samd20_xplained_pro/board_init.o
 .debug_info    0x00000dc2     0x309f src/ASF/sam0/drivers/adc/adc_sam_d_r/adc.o
 .debug_info    0x00003e61     0x12de src/ASF/sam0/drivers/adc/adc_sam_d_r/adc_callback.o
 .debug_info    0x0000513f     0x10aa src/ASF/sam0/drivers/extint/extint_callback.o
 .debug_info    0x000061e9     0x20cc src/ASF/sam0/drivers/extint/extint_sam_d_r/extint.o
 .debug_info    0x000082b5      0x968 src/ASF/sam0/drivers/port/port.o
 .debug_info    0x00008c1d     0x1d97 src/ASF/sam0/drivers/sercom/sercom.o
 .debug_info    0x0000a9b4     0x1b75 src/ASF/sam0/drivers/sercom/sercom_interrupt.o
 .debug_info    0x0000c529     0x5756 src/ASF/sam0/drivers/sercom/spi/spi.o
 .debug_info    0x00011c7f     0x212c src/ASF/sam0/drivers/sercom/spi/spi_interrupt.o
 .debug_info    0x00013dab     0x3909 src/ASF/sam0/drivers/sercom/usart/usart.o
 .debug_info    0x000176b4     0x1f85 src/ASF/sam0/drivers/sercom/usart/usart_interrupt.o
 .debug_info    0x00019639     0x32c3 src/ASF/sam0/drivers/system/clock/clock_samd20/clock.o
 .debug_info    0x0001c8fc     0x1458 src/ASF/sam0/drivers/system/clock/clock_samd20/gclk.o
 .debug_info    0x0001dd54      0xa47 src/ASF/sam0/drivers/system/pinmux/pinmux.o
 .debug_info    0x0001e79b      0x17a src/ASF/sam0/drivers/system/system.o
 .debug_info    0x0001e915     0x1317 src/ASF/sam0/drivers/tc/tc_interrupt.o
 .debug_info    0x0001fc2c     0x2552 src/ASF/sam0/drivers/tc/tc_sam_d_r/tc.o
 .debug_info    0x0002217e      0x98b src/ASF/sam0/utils/cmsis/samd20/source/gcc/startup_samd20.o
 .debug_info    0x00022b09      0x140 src/FHV/config_focus_fhv.o
 .debug_info    0x00022c49     0x6fbb src/mainGrabtastic.o

.debug_abbrev   0x00000000     0x3f8a
 .debug_abbrev  0x00000000      0x13c src/ASF/common2/services/delay/sam0/systick_counter.o
 .debug_abbrev  0x0000013c       0xf6 src/ASF/common/utils/interrupt/interrupt_sam_nvic.o
 .debug_abbrev  0x00000232      0x22b src/ASF/sam0/boards/samd20_xplained_pro/board_init.o
 .debug_abbrev  0x0000045d      0x3ba src/ASF/sam0/drivers/adc/adc_sam_d_r/adc.o
 .debug_abbrev  0x00000817      0x303 src/ASF/sam0/drivers/adc/adc_sam_d_r/adc_callback.o
 .debug_abbrev  0x00000b1a      0x297 src/ASF/sam0/drivers/extint/extint_callback.o
 .debug_abbrev  0x00000db1      0x3fc src/ASF/sam0/drivers/extint/extint_sam_d_r/extint.o
 .debug_abbrev  0x000011ad      0x1da src/ASF/sam0/drivers/port/port.o
 .debug_abbrev  0x00001387      0x2fd src/ASF/sam0/drivers/sercom/sercom.o
 .debug_abbrev  0x00001684      0x22c src/ASF/sam0/drivers/sercom/sercom_interrupt.o
 .debug_abbrev  0x000018b0      0x44f src/ASF/sam0/drivers/sercom/spi/spi.o
 .debug_abbrev  0x00001cff      0x358 src/ASF/sam0/drivers/sercom/spi/spi_interrupt.o
 .debug_abbrev  0x00002057      0x3c6 src/ASF/sam0/drivers/sercom/usart/usart.o
 .debug_abbrev  0x0000241d      0x37b src/ASF/sam0/drivers/sercom/usart/usart_interrupt.o
 .debug_abbrev  0x00002798      0x3ff src/ASF/sam0/drivers/system/clock/clock_samd20/clock.o
 .debug_abbrev  0x00002b97      0x327 src/ASF/sam0/drivers/system/clock/clock_samd20/gclk.o
 .debug_abbrev  0x00002ebe      0x287 src/ASF/sam0/drivers/system/pinmux/pinmux.o
 .debug_abbrev  0x00003145       0xb9 src/ASF/sam0/drivers/system/system.o
 .debug_abbrev  0x000031fe      0x259 src/ASF/sam0/drivers/tc/tc_interrupt.o
 .debug_abbrev  0x00003457      0x3a4 src/ASF/sam0/drivers/tc/tc_sam_d_r/tc.o
 .debug_abbrev  0x000037fb      0x1c1 src/ASF/sam0/utils/cmsis/samd20/source/gcc/startup_samd20.o
 .debug_abbrev  0x000039bc       0xc7 src/FHV/config_focus_fhv.o
 .debug_abbrev  0x00003a83      0x507 src/mainGrabtastic.o

.debug_loc      0x00000000     0x9967
 .debug_loc     0x00000000       0xe4 src/ASF/common2/services/delay/sam0/systick_counter.o
 .debug_loc     0x000000e4       0x1e src/ASF/common/utils/interrupt/interrupt_sam_nvic.o
 .debug_loc     0x00000102       0x59 src/ASF/sam0/boards/samd20_xplained_pro/board_init.o
 .debug_loc     0x0000015b      0x7fe src/ASF/sam0/drivers/adc/adc_sam_d_r/adc.o
 .debug_loc     0x00000959      0x301 src/ASF/sam0/drivers/adc/adc_sam_d_r/adc_callback.o
 .debug_loc     0x00000c5a      0x215 src/ASF/sam0/drivers/extint/extint_callback.o
 .debug_loc     0x00000e6f      0x40a src/ASF/sam0/drivers/extint/extint_sam_d_r/extint.o
 .debug_loc     0x00001279      0x16d src/ASF/sam0/drivers/port/port.o
 .debug_loc     0x000013e6      0x982 src/ASF/sam0/drivers/sercom/sercom.o
 .debug_loc     0x00001d68      0x16c src/ASF/sam0/drivers/sercom/sercom_interrupt.o
 .debug_loc     0x00001ed4     0x2a34 src/ASF/sam0/drivers/sercom/spi/spi.o
 .debug_loc     0x00004908      0x59d src/ASF/sam0/drivers/sercom/spi/spi_interrupt.o
 .debug_loc     0x00004ea5      0xc20 src/ASF/sam0/drivers/sercom/usart/usart.o
 .debug_loc     0x00005ac5      0x563 src/ASF/sam0/drivers/sercom/usart/usart_interrupt.o
 .debug_loc     0x00006028      0xe8f src/ASF/sam0/drivers/system/clock/clock_samd20/clock.o
 .debug_loc     0x00006eb7      0x51e src/ASF/sam0/drivers/system/clock/clock_samd20/gclk.o
 .debug_loc     0x000073d5      0x32f src/ASF/sam0/drivers/system/pinmux/pinmux.o
 .debug_loc     0x00007704       0x20 src/ASF/sam0/drivers/system/system.o
 .debug_loc     0x00007724      0x21d src/ASF/sam0/drivers/tc/tc_interrupt.o
 .debug_loc     0x00007941      0xffb src/ASF/sam0/drivers/tc/tc_sam_d_r/tc.o
 .debug_loc     0x0000893c       0x20 src/ASF/sam0/utils/cmsis/samd20/source/gcc/startup_samd20.o
 .debug_loc     0x0000895c      0x16f src/FHV/config_focus_fhv.o
 .debug_loc     0x00008acb      0xe9c src/mainGrabtastic.o

.debug_aranges  0x00000000      0x790
 .debug_aranges
                0x00000000       0x30 src/ASF/common2/services/delay/sam0/systick_counter.o
 .debug_aranges
                0x00000030       0x28 src/ASF/common/utils/interrupt/interrupt_sam_nvic.o
 .debug_aranges
                0x00000058       0x20 src/ASF/sam0/boards/samd20_xplained_pro/board_init.o
 .debug_aranges
                0x00000078       0x38 src/ASF/sam0/drivers/adc/adc_sam_d_r/adc.o
 .debug_aranges
                0x000000b0       0x48 src/ASF/sam0/drivers/adc/adc_sam_d_r/adc_callback.o
 .debug_aranges
                0x000000f8       0x48 src/ASF/sam0/drivers/extint/extint_callback.o
 .debug_aranges
                0x00000140       0x50 src/ASF/sam0/drivers/extint/extint_sam_d_r/extint.o
 .debug_aranges
                0x00000190       0x28 src/ASF/sam0/drivers/port/port.o
 .debug_aranges
                0x000001b8       0x40 src/ASF/sam0/drivers/sercom/sercom.o
 .debug_aranges
                0x000001f8       0x60 src/ASF/sam0/drivers/sercom/sercom_interrupt.o
 .debug_aranges
                0x00000258       0x58 src/ASF/sam0/drivers/sercom/spi/spi.o
 .debug_aranges
                0x000002b0       0x50 src/ASF/sam0/drivers/sercom/spi/spi_interrupt.o
 .debug_aranges
                0x00000300       0x40 src/ASF/sam0/drivers/sercom/usart/usart.o
 .debug_aranges
                0x00000340       0x70 src/ASF/sam0/drivers/sercom/usart/usart_interrupt.o
 .debug_aranges
                0x000003b0       0x70 src/ASF/sam0/drivers/system/clock/clock_samd20/clock.o
 .debug_aranges
                0x00000420       0x80 src/ASF/sam0/drivers/system/clock/clock_samd20/gclk.o
 .debug_aranges
                0x000004a0       0x38 src/ASF/sam0/drivers/system/pinmux/pinmux.o
 .debug_aranges
                0x000004d8       0x28 src/ASF/sam0/drivers/system/system.o
 .debug_aranges
                0x00000500       0x70 src/ASF/sam0/drivers/tc/tc_interrupt.o
 .debug_aranges
                0x00000570       0x58 src/ASF/sam0/drivers/tc/tc_sam_d_r/tc.o
 .debug_aranges
                0x000005c8       0x28 src/ASF/sam0/utils/cmsis/samd20/source/gcc/startup_samd20.o
 .debug_aranges
                0x000005f0       0x28 src/FHV/config_focus_fhv.o
 .debug_aranges
                0x00000618      0x178 src/mainGrabtastic.o

.debug_ranges   0x00000000      0xbc8
 .debug_ranges  0x00000000       0x50 src/ASF/common2/services/delay/sam0/systick_counter.o
 .debug_ranges  0x00000050       0x18 src/ASF/common/utils/interrupt/interrupt_sam_nvic.o
 .debug_ranges  0x00000068       0x10 src/ASF/sam0/boards/samd20_xplained_pro/board_init.o
 .debug_ranges  0x00000078       0x88 src/ASF/sam0/drivers/adc/adc_sam_d_r/adc.o
 .debug_ranges  0x00000100       0x38 src/ASF/sam0/drivers/adc/adc_sam_d_r/adc_callback.o
 .debug_ranges  0x00000138       0x60 src/ASF/sam0/drivers/extint/extint_callback.o
 .debug_ranges  0x00000198       0x40 src/ASF/sam0/drivers/extint/extint_sam_d_r/extint.o
 .debug_ranges  0x000001d8       0x18 src/ASF/sam0/drivers/port/port.o
 .debug_ranges  0x000001f0       0x48 src/ASF/sam0/drivers/sercom/sercom.o
 .debug_ranges  0x00000238       0x50 src/ASF/sam0/drivers/sercom/sercom_interrupt.o
 .debug_ranges  0x00000288      0x410 src/ASF/sam0/drivers/sercom/spi/spi.o
 .debug_ranges  0x00000698       0x70 src/ASF/sam0/drivers/sercom/spi/spi_interrupt.o
 .debug_ranges  0x00000708       0xe0 src/ASF/sam0/drivers/sercom/usart/usart.o
 .debug_ranges  0x000007e8       0x60 src/ASF/sam0/drivers/sercom/usart/usart_interrupt.o
 .debug_ranges  0x00000848       0x60 src/ASF/sam0/drivers/system/clock/clock_samd20/clock.o
 .debug_ranges  0x000008a8       0x70 src/ASF/sam0/drivers/system/clock/clock_samd20/gclk.o
 .debug_ranges  0x00000918       0x28 src/ASF/sam0/drivers/system/pinmux/pinmux.o
 .debug_ranges  0x00000940       0x18 src/ASF/sam0/drivers/system/system.o
 .debug_ranges  0x00000958       0x60 src/ASF/sam0/drivers/tc/tc_interrupt.o
 .debug_ranges  0x000009b8       0x78 src/ASF/sam0/drivers/tc/tc_sam_d_r/tc.o
 .debug_ranges  0x00000a30       0x18 src/ASF/sam0/utils/cmsis/samd20/source/gcc/startup_samd20.o
 .debug_ranges  0x00000a48       0x18 src/FHV/config_focus_fhv.o
 .debug_ranges  0x00000a60      0x168 src/mainGrabtastic.o

.debug_macro    0x00000000    0x14d0e
 .debug_macro   0x00000000      0x464 src/ASF/common2/services/delay/sam0/systick_counter.o
 .debug_macro   0x00000464      0x868 src/ASF/common2/services/delay/sam0/systick_counter.o
 .debug_macro   0x00000ccc      0x166 src/ASF/common2/services/delay/sam0/systick_counter.o
 .debug_macro   0x00000e32      0x621 src/ASF/common2/services/delay/sam0/systick_counter.o
 .debug_macro   0x00001453       0x22 src/ASF/common2/services/delay/sam0/systick_counter.o
 .debug_macro   0x00001475       0x44 src/ASF/common2/services/delay/sam0/systick_counter.o
 .debug_macro   0x000014b9       0x58 src/ASF/common2/services/delay/sam0/systick_counter.o
 .debug_macro   0x00001511       0x22 src/ASF/common2/services/delay/sam0/systick_counter.o
 .debug_macro   0x00001533      0x1df src/ASF/common2/services/delay/sam0/systick_counter.o
 .debug_macro   0x00001712       0x10 src/ASF/common2/services/delay/sam0/systick_counter.o
 .debug_macro   0x00001722       0x76 src/ASF/common2/services/delay/sam0/systick_counter.o
 .debug_macro   0x00001798       0x16 src/ASF/common2/services/delay/sam0/systick_counter.o
 .debug_macro   0x000017ae      0x6e5 src/ASF/common2/services/delay/sam0/systick_counter.o
 .debug_macro   0x00001e93      0xde2 src/ASF/common2/services/delay/sam0/systick_counter.o
 .debug_macro   0x00002c75       0x22 src/ASF/common2/services/delay/sam0/systick_counter.o
 .debug_macro   0x00002c97       0x40 src/ASF/common2/services/delay/sam0/systick_counter.o
 .debug_macro   0x00002cd7       0x3a src/ASF/common2/services/delay/sam0/systick_counter.o
 .debug_macro   0x00002d11       0x1f src/ASF/common2/services/delay/sam0/systick_counter.o
 .debug_macro   0x00002d30      0x250 src/ASF/common2/services/delay/sam0/systick_counter.o
 .debug_macro   0x00002f80      0x682 src/ASF/common2/services/delay/sam0/systick_counter.o
 .debug_macro   0x00003602      0x8c1 src/ASF/common2/services/delay/sam0/systick_counter.o
 .debug_macro   0x00003ec3      0x229 src/ASF/common2/services/delay/sam0/systick_counter.o
 .debug_macro   0x000040ec      0x5bf src/ASF/common2/services/delay/sam0/systick_counter.o
 .debug_macro   0x000046ab      0x9fb src/ASF/common2/services/delay/sam0/systick_counter.o
 .debug_macro   0x000050a6      0x5b8 src/ASF/common2/services/delay/sam0/systick_counter.o
 .debug_macro   0x0000565e      0x4b6 src/ASF/common2/services/delay/sam0/systick_counter.o
 .debug_macro   0x00005b14      0x74c src/ASF/common2/services/delay/sam0/systick_counter.o
 .debug_macro   0x00006260       0x5e src/ASF/common2/services/delay/sam0/systick_counter.o
 .debug_macro   0x000062be      0x5e2 src/ASF/common2/services/delay/sam0/systick_counter.o
 .debug_macro   0x000068a0      0x3b8 src/ASF/common2/services/delay/sam0/systick_counter.o
 .debug_macro   0x00006c58      0xc55 src/ASF/common2/services/delay/sam0/systick_counter.o
 .debug_macro   0x000078ad      0xd29 src/ASF/common2/services/delay/sam0/systick_counter.o
 .debug_macro   0x000085d6      0x7b8 src/ASF/common2/services/delay/sam0/systick_counter.o
 .debug_macro   0x00008d8e      0x6c2 src/ASF/common2/services/delay/sam0/systick_counter.o
 .debug_macro   0x00009450      0x351 src/ASF/common2/services/delay/sam0/systick_counter.o
 .debug_macro   0x000097a1       0x7c src/ASF/common2/services/delay/sam0/systick_counter.o
 .debug_macro   0x0000981d       0x9a src/ASF/common2/services/delay/sam0/systick_counter.o
 .debug_macro   0x000098b7       0x46 src/ASF/common2/services/delay/sam0/systick_counter.o
 .debug_macro   0x000098fd       0xb2 src/ASF/common2/services/delay/sam0/systick_counter.o
 .debug_macro   0x000099af       0x6a src/ASF/common2/services/delay/sam0/systick_counter.o
 .debug_macro   0x00009a19      0x287 src/ASF/common2/services/delay/sam0/systick_counter.o
 .debug_macro   0x00009ca0       0x82 src/ASF/common2/services/delay/sam0/systick_counter.o
 .debug_macro   0x00009d22       0xb8 src/ASF/common2/services/delay/sam0/systick_counter.o
 .debug_macro   0x00009dda       0x1c src/ASF/common2/services/delay/sam0/systick_counter.o
 .debug_macro   0x00009df6       0x1c src/ASF/common2/services/delay/sam0/systick_counter.o
 .debug_macro   0x00009e12       0x1c src/ASF/common2/services/delay/sam0/systick_counter.o
 .debug_macro   0x00009e2e       0x82 src/ASF/common2/services/delay/sam0/systick_counter.o
 .debug_macro   0x00009eb0      0x164 src/ASF/common2/services/delay/sam0/systick_counter.o
 .debug_macro   0x0000a014       0xdc src/ASF/common2/services/delay/sam0/systick_counter.o
 .debug_macro   0x0000a0f0      0x104 src/ASF/common2/services/delay/sam0/systick_counter.o
 .debug_macro   0x0000a1f4      0x104 src/ASF/common2/services/delay/sam0/systick_counter.o
 .debug_macro   0x0000a2f8      0x104 src/ASF/common2/services/delay/sam0/systick_counter.o
 .debug_macro   0x0000a3fc      0x104 src/ASF/common2/services/delay/sam0/systick_counter.o
 .debug_macro   0x0000a500      0x104 src/ASF/common2/services/delay/sam0/systick_counter.o
 .debug_macro   0x0000a604      0x104 src/ASF/common2/services/delay/sam0/systick_counter.o
 .debug_macro   0x0000a708       0xfa src/ASF/common2/services/delay/sam0/systick_counter.o
 .debug_macro   0x0000a802       0xbe src/ASF/common2/services/delay/sam0/systick_counter.o
 .debug_macro   0x0000a8c0       0xbe src/ASF/common2/services/delay/sam0/systick_counter.o
 .debug_macro   0x0000a97e       0xbe src/ASF/common2/services/delay/sam0/systick_counter.o
 .debug_macro   0x0000aa3c       0xbe src/ASF/common2/services/delay/sam0/systick_counter.o
 .debug_macro   0x0000aafa       0xbe src/ASF/common2/services/delay/sam0/systick_counter.o
 .debug_macro   0x0000abb8       0xbe src/ASF/common2/services/delay/sam0/systick_counter.o
 .debug_macro   0x0000ac76       0xbe src/ASF/common2/services/delay/sam0/systick_counter.o
 .debug_macro   0x0000ad34       0xbe src/ASF/common2/services/delay/sam0/systick_counter.o
 .debug_macro   0x0000adf2       0x40 src/ASF/common2/services/delay/sam0/systick_counter.o
 .debug_macro   0x0000ae32      0x2e3 src/ASF/common2/services/delay/sam0/systick_counter.o
 .debug_macro   0x0000b115     0x19c4 src/ASF/common2/services/delay/sam0/systick_counter.o
 .debug_macro   0x0000cad9       0x4a src/ASF/common2/services/delay/sam0/systick_counter.o
 .debug_macro   0x0000cb23       0x58 src/ASF/common2/services/delay/sam0/systick_counter.o
 .debug_macro   0x0000cb7b       0x35 src/ASF/common2/services/delay/sam0/systick_counter.o
 .debug_macro   0x0000cbb0       0x9c src/ASF/common2/services/delay/sam0/systick_counter.o
 .debug_macro   0x0000cc4c       0x16 src/ASF/common2/services/delay/sam0/systick_counter.o
 .debug_macro   0x0000cc62       0x35 src/ASF/common2/services/delay/sam0/systick_counter.o
 .debug_macro   0x0000cc97      0x29d src/ASF/common2/services/delay/sam0/systick_counter.o
 .debug_macro   0x0000cf34       0x10 src/ASF/common2/services/delay/sam0/systick_counter.o
 .debug_macro   0x0000cf44       0x52 src/ASF/common2/services/delay/sam0/systick_counter.o
 .debug_macro   0x0000cf96       0x16 src/ASF/common2/services/delay/sam0/systick_counter.o
 .debug_macro   0x0000cfac       0x43 src/ASF/common2/services/delay/sam0/systick_counter.o
 .debug_macro   0x0000cfef      0x180 src/ASF/common2/services/delay/sam0/systick_counter.o
 .debug_macro   0x0000d16f       0x10 src/ASF/common2/services/delay/sam0/systick_counter.o
 .debug_macro   0x0000d17f       0x22 src/ASF/common2/services/delay/sam0/systick_counter.o
 .debug_macro   0x0000d1a1       0xbe src/ASF/common2/services/delay/sam0/systick_counter.o
 .debug_macro   0x0000d25f       0x16 src/ASF/common2/services/delay/sam0/systick_counter.o
 .debug_macro   0x0000d275      0x197 src/ASF/common2/services/delay/sam0/systick_counter.o
 .debug_macro   0x0000d40c       0x16 src/ASF/common2/services/delay/sam0/systick_counter.o
 .debug_macro   0x0000d422       0x16 src/ASF/common2/services/delay/sam0/systick_counter.o
 .debug_macro   0x0000d438       0x29 src/ASF/common2/services/delay/sam0/systick_counter.o
 .debug_macro   0x0000d461       0x51 src/ASF/common2/services/delay/sam0/systick_counter.o
 .debug_macro   0x0000d4b2       0x3f src/ASF/common2/services/delay/sam0/systick_counter.o
 .debug_macro   0x0000d4f1      0x3df src/ASF/common2/services/delay/sam0/systick_counter.o
 .debug_macro   0x0000d8d0       0x16 src/ASF/common2/services/delay/sam0/systick_counter.o
 .debug_macro   0x0000d8e6       0x16 src/ASF/common2/services/delay/sam0/systick_counter.o
 .debug_macro   0x0000d8fc      0x428 src/ASF/common/utils/interrupt/interrupt_sam_nvic.o
 .debug_macro   0x0000dd24      0x464 src/ASF/sam0/boards/samd20_xplained_pro/board_init.o
 .debug_macro   0x0000e188      0x279 src/ASF/sam0/boards/samd20_xplained_pro/board_init.o
 .debug_macro   0x0000e401      0x80c src/ASF/sam0/boards/samd20_xplained_pro/board_init.o
 .debug_macro   0x0000ec0d       0x11 src/ASF/sam0/boards/samd20_xplained_pro/board_init.o
 .debug_macro   0x0000ec1e       0x12 src/ASF/sam0/boards/samd20_xplained_pro/board_init.o
 .debug_macro   0x0000ec30      0x4af src/ASF/sam0/drivers/adc/adc_sam_d_r/adc.o
 .debug_macro   0x0000f0df       0x2e src/ASF/sam0/drivers/adc/adc_sam_d_r/adc.o
 .debug_macro   0x0000f10d       0x19 src/ASF/sam0/drivers/adc/adc_sam_d_r/adc.o
 .debug_macro   0x0000f126      0x4ac src/ASF/sam0/drivers/adc/adc_sam_d_r/adc_callback.o
 .debug_macro   0x0000f5d2      0x44d src/ASF/sam0/drivers/extint/extint_callback.o
 .debug_macro   0x0000fa1f       0x12 src/ASF/sam0/drivers/extint/extint_callback.o
 .debug_macro   0x0000fa31      0x4a9 src/ASF/sam0/drivers/extint/extint_sam_d_r/extint.o
 .debug_macro   0x0000feda       0x18 src/ASF/sam0/drivers/extint/extint_sam_d_r/extint.o
 .debug_macro   0x0000fef2       0x16 src/ASF/sam0/drivers/extint/extint_sam_d_r/extint.o
 .debug_macro   0x0000ff08      0x442 src/ASF/sam0/drivers/port/port.o
 .debug_macro   0x0001034a      0x4b7 src/ASF/sam0/drivers/sercom/sercom.o
 .debug_macro   0x00010801       0xb2 src/ASF/sam0/drivers/sercom/sercom.o
 .debug_macro   0x000108b3       0x10 src/ASF/sam0/drivers/sercom/sercom.o
 .debug_macro   0x000108c3      0x4b4 src/ASF/sam0/drivers/sercom/sercom_interrupt.o
 .debug_macro   0x00010d77      0x4f1 src/ASF/sam0/drivers/sercom/spi/spi.o
 .debug_macro   0x00011268       0x16 src/ASF/sam0/drivers/sercom/spi/spi.o
 .debug_macro   0x0001127e       0x1c src/ASF/sam0/drivers/sercom/spi/spi.o
 .debug_macro   0x0001129a       0x19 src/ASF/sam0/drivers/sercom/spi/spi.o
 .debug_macro   0x000112b3      0x4fb src/ASF/sam0/drivers/sercom/spi/spi_interrupt.o
 .debug_macro   0x000117ae      0x4c8 src/ASF/sam0/drivers/sercom/usart/usart.o
 .debug_macro   0x00011c76       0x19 src/ASF/sam0/drivers/sercom/usart/usart.o
 .debug_macro   0x00011c8f      0x4c8 src/ASF/sam0/drivers/sercom/usart/usart_interrupt.o
 .debug_macro   0x00012157      0x53e src/ASF/sam0/drivers/system/clock/clock_samd20/clock.o
 .debug_macro   0x00012695      0x21b src/ASF/sam0/drivers/system/clock/clock_samd20/clock.o
 .debug_macro   0x000128b0      0x45f src/ASF/sam0/drivers/system/clock/clock_samd20/gclk.o
 .debug_macro   0x00012d0f      0x43a src/ASF/sam0/drivers/system/pinmux/pinmux.o
 .debug_macro   0x00013149      0x46d src/ASF/sam0/drivers/system/system.o
 .debug_macro   0x000135b6      0x497 src/ASF/sam0/drivers/tc/tc_interrupt.o
 .debug_macro   0x00013a4d       0x19 src/ASF/sam0/drivers/tc/tc_interrupt.o
 .debug_macro   0x00013a66       0x51 src/ASF/sam0/drivers/tc/tc_interrupt.o
 .debug_macro   0x00013ab7      0x4b2 src/ASF/sam0/drivers/tc/tc_sam_d_r/tc.o
 .debug_macro   0x00013f69      0x27c src/ASF/sam0/utils/cmsis/samd20/source/gcc/startup_samd20.o
 .debug_macro   0x000141e5       0x3a src/ASF/sam0/utils/cmsis/samd20/source/gcc/startup_samd20.o
 .debug_macro   0x0001421f       0xcb src/FHV/config_focus_fhv.o
 .debug_macro   0x000142ea       0x10 src/FHV/config_focus_fhv.o
 .debug_macro   0x000142fa      0x5fb src/mainGrabtastic.o
 .debug_macro   0x000148f5       0x1c src/mainGrabtastic.o
 .debug_macro   0x00014911       0x1c src/mainGrabtastic.o
 .debug_macro   0x0001492d       0x82 src/mainGrabtastic.o
 .debug_macro   0x000149af       0x18 src/mainGrabtastic.o
 .debug_macro   0x000149c7       0x11 src/mainGrabtastic.o
 .debug_macro   0x000149d8       0x6c src/mainGrabtastic.o
 .debug_macro   0x00014a44      0x1e1 src/mainGrabtastic.o
 .debug_macro   0x00014c25       0xe9 src/mainGrabtastic.o

.debug_line     0x00000000     0xf248
 .debug_line    0x00000000      0x8cc src/ASF/common2/services/delay/sam0/systick_counter.o
 .debug_line    0x000008cc      0x7df src/ASF/common/utils/interrupt/interrupt_sam_nvic.o
 .debug_line    0x000010ab      0x886 src/ASF/sam0/boards/samd20_xplained_pro/board_init.o
 .debug_line    0x00001931      0xc36 src/ASF/sam0/drivers/adc/adc_sam_d_r/adc.o
 .debug_line    0x00002567      0xafb src/ASF/sam0/drivers/adc/adc_sam_d_r/adc_callback.o
 .debug_line    0x00003062      0x8d4 src/ASF/sam0/drivers/extint/extint_callback.o
 .debug_line    0x00003936      0xb24 src/ASF/sam0/drivers/extint/extint_sam_d_r/extint.o
 .debug_line    0x0000445a      0x80b src/ASF/sam0/drivers/port/port.o
 .debug_line    0x00004c65      0xad1 src/ASF/sam0/drivers/sercom/sercom.o
 .debug_line    0x00005736      0xa79 src/ASF/sam0/drivers/sercom/sercom_interrupt.o
 .debug_line    0x000061af     0x123b src/ASF/sam0/drivers/sercom/spi/spi.o
 .debug_line    0x000073ea      0xbd0 src/ASF/sam0/drivers/sercom/spi/spi_interrupt.o
 .debug_line    0x00007fba      0xbdd src/ASF/sam0/drivers/sercom/usart/usart.o
 .debug_line    0x00008b97      0xb81 src/ASF/sam0/drivers/sercom/usart/usart_interrupt.o
 .debug_line    0x00009718      0xb06 src/ASF/sam0/drivers/system/clock/clock_samd20/clock.o
 .debug_line    0x0000a21e      0xb75 src/ASF/sam0/drivers/system/clock/clock_samd20/gclk.o
 .debug_line    0x0000ad93      0x831 src/ASF/sam0/drivers/system/pinmux/pinmux.o
 .debug_line    0x0000b5c4      0x8f3 src/ASF/sam0/drivers/system/system.o
 .debug_line    0x0000beb7      0x9d5 src/ASF/sam0/drivers/tc/tc_interrupt.o
 .debug_line    0x0000c88c      0xcb4 src/ASF/sam0/drivers/tc/tc_sam_d_r/tc.o
 .debug_line    0x0000d540      0x5d4 src/ASF/sam0/utils/cmsis/samd20/source/gcc/startup_samd20.o
 .debug_line    0x0000db14      0x2c2 src/FHV/config_focus_fhv.o
 .debug_line    0x0000ddd6     0x1472 src/mainGrabtastic.o

.debug_str      0x00000000    0x6386a
 .debug_str     0x00000000    0x56695 src/ASF/common2/services/delay/sam0/systick_counter.o
                              0x56b0c (size before relaxing)
 .debug_str     0x00056695       0x94 src/ASF/common/utils/interrupt/interrupt_sam_nvic.o
                              0x56988 (size before relaxing)
 .debug_str     0x00056729     0x30bc src/ASF/sam0/boards/samd20_xplained_pro/board_init.o
                              0x599b3 (size before relaxing)
 .debug_str     0x000597e5     0x1bd6 src/ASF/sam0/drivers/adc/adc_sam_d_r/adc.o
                              0x58722 (size before relaxing)
 .debug_str     0x0005b3bb      0x2eb src/ASF/sam0/drivers/adc/adc_sam_d_r/adc_callback.o
                              0x5764a (size before relaxing)
 .debug_str     0x0005b6a6      0x4dc src/ASF/sam0/drivers/extint/extint_callback.o
                              0x57189 (size before relaxing)
 .debug_str     0x0005bb82      0x7cb src/ASF/sam0/drivers/extint/extint_sam_d_r/extint.o
                              0x58040 (size before relaxing)
 .debug_str     0x0005c34d       0x53 src/ASF/sam0/drivers/port/port.o
                              0x56d31 (size before relaxing)
 .debug_str     0x0005c3a0      0xd4b src/ASF/sam0/drivers/sercom/sercom.o
                              0x57e51 (size before relaxing)
 .debug_str     0x0005d0eb      0x1c7 src/ASF/sam0/drivers/sercom/sercom_interrupt.o
                              0x57c9a (size before relaxing)
 .debug_str     0x0005d2b2      0xbd4 src/ASF/sam0/drivers/sercom/spi/spi.o
                              0x58fd6 (size before relaxing)
 .debug_str     0x0005de86      0x184 src/ASF/sam0/drivers/sercom/spi/spi_interrupt.o
                              0x58004 (size before relaxing)
 .debug_str     0x0005e00a      0x478 src/ASF/sam0/drivers/sercom/usart/usart.o
                              0x58764 (size before relaxing)
 .debug_str     0x0005e482      0x1bb src/ASF/sam0/drivers/sercom/usart/usart_interrupt.o
                              0x57cef (size before relaxing)
 .debug_str     0x0005e63d     0x23dc src/ASF/sam0/drivers/system/clock/clock_samd20/clock.o
                              0x59b0d (size before relaxing)
 .debug_str     0x00060a19      0x276 src/ASF/sam0/drivers/system/clock/clock_samd20/gclk.o
                              0x57572 (size before relaxing)
 .debug_str     0x00060c8f      0x130 src/ASF/sam0/drivers/system/pinmux/pinmux.o
                              0x56d7f (size before relaxing)
 .debug_str     0x00060dbf       0x47 src/ASF/sam0/drivers/system/system.o
                              0x569f2 (size before relaxing)
 .debug_str     0x00060e06      0x6ac src/ASF/sam0/drivers/tc/tc_interrupt.o
                              0x576e1 (size before relaxing)
 .debug_str     0x000614b2      0x528 src/ASF/sam0/drivers/tc/tc_sam_d_r/tc.o
                              0x57ef8 (size before relaxing)
 .debug_str     0x000619da      0x36a src/ASF/sam0/utils/cmsis/samd20/source/gcc/startup_samd20.o
                              0x42a64 (size before relaxing)
 .debug_str     0x00061d44       0x35 src/FHV/config_focus_fhv.o
                               0x4b50 (size before relaxing)
 .debug_str     0x00061d79     0x1af1 src/mainGrabtastic.o
                              0x5f1a3 (size before relaxing)

.debug_frame    0x00000000     0x15c8
 .debug_frame   0x00000000       0x60 src/ASF/common2/services/delay/sam0/systick_counter.o
 .debug_frame   0x00000060       0x30 src/ASF/common/utils/interrupt/interrupt_sam_nvic.o
 .debug_frame   0x00000090       0x30 src/ASF/sam0/boards/samd20_xplained_pro/board_init.o
 .debug_frame   0x000000c0       0x98 src/ASF/sam0/drivers/adc/adc_sam_d_r/adc.o
 .debug_frame   0x00000158       0x84 src/ASF/sam0/drivers/adc/adc_sam_d_r/adc_callback.o
 .debug_frame   0x000001dc       0x7c src/ASF/sam0/drivers/extint/extint_callback.o
 .debug_frame   0x00000258       0xb8 src/ASF/sam0/drivers/extint/extint_sam_d_r/extint.o
 .debug_frame   0x00000310       0x44 src/ASF/sam0/drivers/port/port.o
 .debug_frame   0x00000354       0x9c src/ASF/sam0/drivers/sercom/sercom.o
 .debug_frame   0x000003f0       0xec src/ASF/sam0/drivers/sercom/sercom_interrupt.o
 .debug_frame   0x000004dc      0x120 src/ASF/sam0/drivers/sercom/spi/spi.o
 .debug_frame   0x000005fc       0xa8 src/ASF/sam0/drivers/sercom/spi/spi_interrupt.o
 .debug_frame   0x000006a4       0xbc src/ASF/sam0/drivers/sercom/usart/usart.o
 .debug_frame   0x00000760      0x110 src/ASF/sam0/drivers/sercom/usart/usart_interrupt.o
 .debug_frame   0x00000870      0x138 src/ASF/sam0/drivers/system/clock/clock_samd20/clock.o
 .debug_frame   0x000009a8      0x148 src/ASF/sam0/drivers/system/clock/clock_samd20/gclk.o
 .debug_frame   0x00000af0       0x74 src/ASF/sam0/drivers/system/pinmux/pinmux.o
 .debug_frame   0x00000b64       0x38 src/ASF/sam0/drivers/system/system.o
 .debug_frame   0x00000b9c      0x10c src/ASF/sam0/drivers/tc/tc_interrupt.o
 .debug_frame   0x00000ca8       0xd8 src/ASF/sam0/drivers/tc/tc_sam_d_r/tc.o
 .debug_frame   0x00000d80       0x38 src/ASF/sam0/utils/cmsis/samd20/source/gcc/startup_samd20.o
 .debug_frame   0x00000db8       0x54 src/FHV/config_focus_fhv.o
 .debug_frame   0x00000e0c      0x478 src/mainGrabtastic.o
 .debug_frame   0x00001284       0x20 c:/program files (x86)/atmel/studio/7.0/toolchain/arm/arm-gnu-toolchain/bin/../lib/gcc/arm-none-eabi/4.9.3/armv6-m\libgcc.a(_udivsi3.o)
 .debug_frame   0x000012a4       0x20 c:/program files (x86)/atmel/studio/7.0/toolchain/arm/arm-gnu-toolchain/bin/../lib/gcc/arm-none-eabi/4.9.3/armv6-m\libgcc.a(_divsi3.o)
 .debug_frame   0x000012c4       0x34 c:/program files (x86)/atmel/studio/7.0/toolchain/arm/arm-gnu-toolchain/bin/../lib/gcc/arm-none-eabi/4.9.3/armv6-m\libgcc.a(_muldi3.o)
 .debug_frame   0x000012f8       0x38 c:/program files (x86)/atmel/studio/7.0/toolchain/arm/arm-gnu-toolchain/bin/../lib/gcc/arm-none-eabi/4.9.3/armv6-m\libgcc.a(adddf3.o)
 .debug_frame   0x00001330       0x3c c:/program files (x86)/atmel/studio/7.0/toolchain/arm/arm-gnu-toolchain/bin/../lib/gcc/arm-none-eabi/4.9.3/armv6-m\libgcc.a(divdf3.o)
 .debug_frame   0x0000136c       0x38 c:/program files (x86)/atmel/studio/7.0/toolchain/arm/arm-gnu-toolchain/bin/../lib/gcc/arm-none-eabi/4.9.3/armv6-m\libgcc.a(eqdf2.o)
 .debug_frame   0x000013a4       0x38 c:/program files (x86)/atmel/studio/7.0/toolchain/arm/arm-gnu-toolchain/bin/../lib/gcc/arm-none-eabi/4.9.3/armv6-m\libgcc.a(gedf2.o)
 .debug_frame   0x000013dc       0x38 c:/program files (x86)/atmel/studio/7.0/toolchain/arm/arm-gnu-toolchain/bin/../lib/gcc/arm-none-eabi/4.9.3/armv6-m\libgcc.a(ledf2.o)
 .debug_frame   0x00001414       0x3c c:/program files (x86)/atmel/studio/7.0/toolchain/arm/arm-gnu-toolchain/bin/../lib/gcc/arm-none-eabi/4.9.3/armv6-m\libgcc.a(muldf3.o)
 .debug_frame   0x00001450       0x3c c:/program files (x86)/atmel/studio/7.0/toolchain/arm/arm-gnu-toolchain/bin/../lib/gcc/arm-none-eabi/4.9.3/armv6-m\libgcc.a(subdf3.o)
 .debug_frame   0x0000148c       0x2c c:/program files (x86)/atmel/studio/7.0/toolchain/arm/arm-gnu-toolchain/bin/../lib/gcc/arm-none-eabi/4.9.3/armv6-m\libgcc.a(fixdfsi.o)
 .debug_frame   0x000014b8       0x2c c:/program files (x86)/atmel/studio/7.0/toolchain/arm/arm-gnu-toolchain/bin/../lib/gcc/arm-none-eabi/4.9.3/armv6-m\libgcc.a(floatsidf.o)
 .debug_frame   0x000014e4       0x28 c:/program files (x86)/atmel/studio/7.0/toolchain/arm/arm-gnu-toolchain/bin/../lib/gcc/arm-none-eabi/4.9.3/armv6-m\libgcc.a(floatunsidf.o)
 .debug_frame   0x0000150c       0x2c c:/program files (x86)/atmel/studio/7.0/toolchain/arm/arm-gnu-toolchain/bin/../lib/gcc/arm-none-eabi/4.9.3/../../../../arm-none-eabi/lib/armv6-m\libc_nano.a(lib_a-init.o)
 .debug_frame   0x00001538       0x28 c:/program files (x86)/atmel/studio/7.0/toolchain/arm/arm-gnu-toolchain/bin/../lib/gcc/arm-none-eabi/4.9.3/../../../../arm-none-eabi/lib/armv6-m\libc_nano.a(lib_a-memcpy.o)
 .debug_frame   0x00001560       0x28 c:/program files (x86)/atmel/studio/7.0/toolchain/arm/arm-gnu-toolchain/bin/../lib/gcc/arm-none-eabi/4.9.3/../../../../arm-none-eabi/lib/armv6-m\libc_nano.a(lib_a-memmove.o)
 .debug_frame   0x00001588       0x20 c:/program files (x86)/atmel/studio/7.0/toolchain/arm/arm-gnu-toolchain/bin/../lib/gcc/arm-none-eabi/4.9.3/../../../../arm-none-eabi/lib/armv6-m\libc_nano.a(lib_a-strcpy.o)
 .debug_frame   0x000015a8       0x20 c:/program files (x86)/atmel/studio/7.0/toolchain/arm/arm-gnu-toolchain/bin/../lib/gcc/arm-none-eabi/4.9.3/../../../../arm-none-eabi/lib/armv6-m\libc_nano.a(lib_a-strlen.o)

Cross Reference Table

Symbol                                            File
AC_Handler                                        src/ASF/sam0/utils/cmsis/samd20/source/gcc/startup_samd20.o
ADC_Handler                                       src/ASF/sam0/drivers/adc/adc_sam_d_r/adc_callback.o
DAC_Handler                                       src/ASF/sam0/utils/cmsis/samd20/source/gcc/startup_samd20.o
DRV8711disable                                    src/mainGrabtastic.o
Dummy_Handler                                     src/ASF/sam0/utils/cmsis/samd20/source/gcc/startup_samd20.o
EIC_Handler                                       src/ASF/sam0/drivers/extint/extint_callback.o
EVSYS_Handler                                     src/ASF/sam0/utils/cmsis/samd20/source/gcc/startup_samd20.o
HardFault_Handler                                 src/ASF/sam0/utils/cmsis/samd20/source/gcc/startup_samd20.o
NMI_Handler                                       src/ASF/sam0/utils/cmsis/samd20/source/gcc/startup_samd20.o
NVMCTRL_Handler                                   src/ASF/sam0/utils/cmsis/samd20/source/gcc/startup_samd20.o
PM_Handler                                        src/ASF/sam0/utils/cmsis/samd20/source/gcc/startup_samd20.o
PTC_Handler                                       src/ASF/sam0/utils/cmsis/samd20/source/gcc/startup_samd20.o
PendSV_Handler                                    src/ASF/sam0/utils/cmsis/samd20/source/gcc/startup_samd20.o
RTC_Handler                                       src/ASF/sam0/utils/cmsis/samd20/source/gcc/startup_samd20.o
Reset_Handler                                     src/ASF/sam0/utils/cmsis/samd20/source/gcc/startup_samd20.o
SERCOM0_Handler                                   src/ASF/sam0/drivers/sercom/sercom_interrupt.o
SERCOM1_Handler                                   src/ASF/sam0/drivers/sercom/sercom_interrupt.o
SERCOM2_Handler                                   src/ASF/sam0/drivers/sercom/sercom_interrupt.o
SERCOM3_Handler                                   src/ASF/sam0/drivers/sercom/sercom_interrupt.o
SERCOM4_Handler                                   src/ASF/sam0/drivers/sercom/sercom_interrupt.o
SERCOM5_Handler                                   src/ASF/sam0/drivers/sercom/sercom_interrupt.o
SVC_Handler                                       src/ASF/sam0/utils/cmsis/samd20/source/gcc/startup_samd20.o
SYSCTRL_Handler                                   src/ASF/sam0/utils/cmsis/samd20/source/gcc/startup_samd20.o
SysTick_Handler                                   src/ASF/sam0/utils/cmsis/samd20/source/gcc/startup_samd20.o
SystemCoreClock                                   src/ASF/sam0/utils/cmsis/samd20/source/system_samd20.o
SystemCoreClockUpdate                             src/ASF/sam0/utils/cmsis/samd20/source/system_samd20.o
SystemInit                                        src/ASF/sam0/utils/cmsis/samd20/source/system_samd20.o
TC0_Handler                                       src/ASF/sam0/drivers/tc/tc_interrupt.o
TC1_Handler                                       src/ASF/sam0/drivers/tc/tc_interrupt.o
TC2_Handler                                       src/ASF/sam0/drivers/tc/tc_interrupt.o
TC3_Handler                                       src/ASF/sam0/drivers/tc/tc_interrupt.o
TC4_Handler                                       src/ASF/sam0/drivers/tc/tc_interrupt.o
TC5_Handler                                       src/ASF/sam0/drivers/tc/tc_interrupt.o
TC6_Handler                                       src/ASF/sam0/drivers/tc/tc_interrupt.o
TC7_Handler                                       src/ASF/sam0/drivers/tc/tc_interrupt.o
WDT_Handler                                       src/ASF/sam0/utils/cmsis/samd20/source/gcc/startup_samd20.o
_Jv_RegisterClasses                               c:/program files (x86)/atmel/studio/7.0/toolchain/arm/arm-gnu-toolchain/bin/../lib/gcc/arm-none-eabi/4.9.3/armv6-m/crtbegin.o
__aeabi_cdcmpeq                                   c:/program files (x86)/atmel/studio/7.0/toolchain/arm/arm-gnu-toolchain/bin/../lib/gcc/arm-none-eabi/4.9.3/armv6-m\libgcc.a(_arm_cmpdf2.o)
__aeabi_cdcmple                                   c:/program files (x86)/atmel/studio/7.0/toolchain/arm/arm-gnu-toolchain/bin/../lib/gcc/arm-none-eabi/4.9.3/armv6-m\libgcc.a(_arm_cmpdf2.o)
__aeabi_cdrcmple                                  c:/program files (x86)/atmel/studio/7.0/toolchain/arm/arm-gnu-toolchain/bin/../lib/gcc/arm-none-eabi/4.9.3/armv6-m\libgcc.a(_arm_cmpdf2.o)
__aeabi_d2iz                                      c:/program files (x86)/atmel/studio/7.0/toolchain/arm/arm-gnu-toolchain/bin/../lib/gcc/arm-none-eabi/4.9.3/armv6-m\libgcc.a(fixdfsi.o)
                                                  src/mainGrabtastic.o
__aeabi_dadd                                      c:/program files (x86)/atmel/studio/7.0/toolchain/arm/arm-gnu-toolchain/bin/../lib/gcc/arm-none-eabi/4.9.3/armv6-m\libgcc.a(adddf3.o)
                                                  src/mainGrabtastic.o
__aeabi_dcmpeq                                    c:/program files (x86)/atmel/studio/7.0/toolchain/arm/arm-gnu-toolchain/bin/../lib/gcc/arm-none-eabi/4.9.3/armv6-m\libgcc.a(_arm_cmpdf2.o)
                                                  src/mainGrabtastic.o
__aeabi_dcmpge                                    c:/program files (x86)/atmel/studio/7.0/toolchain/arm/arm-gnu-toolchain/bin/../lib/gcc/arm-none-eabi/4.9.3/armv6-m\libgcc.a(_arm_cmpdf2.o)
__aeabi_dcmpgt                                    c:/program files (x86)/atmel/studio/7.0/toolchain/arm/arm-gnu-toolchain/bin/../lib/gcc/arm-none-eabi/4.9.3/armv6-m\libgcc.a(_arm_cmpdf2.o)
                                                  src/mainGrabtastic.o
__aeabi_dcmple                                    c:/program files (x86)/atmel/studio/7.0/toolchain/arm/arm-gnu-toolchain/bin/../lib/gcc/arm-none-eabi/4.9.3/armv6-m\libgcc.a(_arm_cmpdf2.o)
__aeabi_dcmplt                                    c:/program files (x86)/atmel/studio/7.0/toolchain/arm/arm-gnu-toolchain/bin/../lib/gcc/arm-none-eabi/4.9.3/armv6-m\libgcc.a(_arm_cmpdf2.o)
                                                  src/mainGrabtastic.o
__aeabi_ddiv                                      c:/program files (x86)/atmel/studio/7.0/toolchain/arm/arm-gnu-toolchain/bin/../lib/gcc/arm-none-eabi/4.9.3/armv6-m\libgcc.a(divdf3.o)
                                                  src/mainGrabtastic.o
__aeabi_dmul                                      c:/program files (x86)/atmel/studio/7.0/toolchain/arm/arm-gnu-toolchain/bin/../lib/gcc/arm-none-eabi/4.9.3/armv6-m\libgcc.a(muldf3.o)
                                                  src/mainGrabtastic.o
__aeabi_dsub                                      c:/program files (x86)/atmel/studio/7.0/toolchain/arm/arm-gnu-toolchain/bin/../lib/gcc/arm-none-eabi/4.9.3/armv6-m\libgcc.a(subdf3.o)
                                                  src/mainGrabtastic.o
__aeabi_i2d                                       c:/program files (x86)/atmel/studio/7.0/toolchain/arm/arm-gnu-toolchain/bin/../lib/gcc/arm-none-eabi/4.9.3/armv6-m\libgcc.a(floatsidf.o)
                                                  src/mainGrabtastic.o
__aeabi_idiv                                      c:/program files (x86)/atmel/studio/7.0/toolchain/arm/arm-gnu-toolchain/bin/../lib/gcc/arm-none-eabi/4.9.3/armv6-m\libgcc.a(_divsi3.o)
                                                  c:/program files (x86)/atmel/studio/7.0/toolchain/arm/arm-gnu-toolchain/bin/../lib/gcc/arm-none-eabi/4.9.3/../../../../arm-none-eabi/lib/armv6-m\libc_nano.a(lib_a-fvwrite.o)
                                                  src/FHV/config_focus_fhv.o
__aeabi_idiv0                                     c:/program files (x86)/atmel/studio/7.0/toolchain/arm/arm-gnu-toolchain/bin/../lib/gcc/arm-none-eabi/4.9.3/armv6-m\libgcc.a(_dvmd_tls.o)
                                                  c:/program files (x86)/atmel/studio/7.0/toolchain/arm/arm-gnu-toolchain/bin/../lib/gcc/arm-none-eabi/4.9.3/armv6-m\libgcc.a(_divsi3.o)
                                                  c:/program files (x86)/atmel/studio/7.0/toolchain/arm/arm-gnu-toolchain/bin/../lib/gcc/arm-none-eabi/4.9.3/armv6-m\libgcc.a(_udivsi3.o)